###############################################################################
#
# IAR ELF Linker V9.10.1.308/W64 for ARM                  18/Aug/2024  21:59:12
# Copyright 2007-2021 IAR Systems AB.
#
#    Output file  =
#        E:\Sources\GitHub
#        projects\ADC-Stand\stand\MainController\EWARM\MainController\Exe\MainController.out
#    Map file     =
#        E:\Sources\GitHub
#        projects\ADC-Stand\stand\MainController\EWARM\MainController\List\MainController.map
#    Command line =
#        -f "E:\Sources\GitHub
#        projects\ADC-Stand\stand\MainController\EWARM\MainController\Exe\MainController.out.rsp"
#        ("E:\Sources\GitHub
#        projects\ADC-Stand\stand\MainController\EWARM\MainController\Obj\Middlewares\FreeRTOS\cmsis_os2.o"
#        "E:\Sources\GitHub
#        projects\ADC-Stand\stand\MainController\EWARM\MainController\Obj\Middlewares\FreeRTOS\croutine.o"
#        "E:\Sources\GitHub
#        projects\ADC-Stand\stand\MainController\EWARM\MainController\Obj\Application\User\Core\dma.o"
#        "E:\Sources\GitHub
#        projects\ADC-Stand\stand\MainController\EWARM\MainController\Obj\Middlewares\FreeRTOS\event_groups.o"
#        "E:\Sources\GitHub
#        projects\ADC-Stand\stand\MainController\EWARM\MainController\Obj\Application\User\Core\freertos.o"
#        "E:\Sources\GitHub
#        projects\ADC-Stand\stand\MainController\EWARM\MainController\Obj\Application\User\Core\gpio.o"
#        "E:\Sources\GitHub
#        projects\ADC-Stand\stand\MainController\EWARM\MainController\Obj\Middlewares\FreeRTOS\heap_4.o"
#        "E:\Sources\GitHub
#        projects\ADC-Stand\stand\MainController\EWARM\MainController\Obj\Middlewares\FreeRTOS\list.o"
#        "E:\Sources\GitHub
#        projects\ADC-Stand\stand\MainController\EWARM\MainController\Obj\Application\User\Core\main.o"
#        "E:\Sources\GitHub
#        projects\ADC-Stand\stand\MainController\EWARM\MainController\Obj\Middlewares\FreeRTOS\port.o"
#        "E:\Sources\GitHub
#        projects\ADC-Stand\stand\MainController\EWARM\MainController\Obj\Middlewares\FreeRTOS\portasm.o"
#        "E:\Sources\GitHub
#        projects\ADC-Stand\stand\MainController\EWARM\MainController\Obj\Middlewares\FreeRTOS\queue.o"
#        "E:\Sources\GitHub
#        projects\ADC-Stand\stand\MainController\EWARM\MainController\Obj\Application\User\Core\settings.o"
#        "E:\Sources\GitHub
#        projects\ADC-Stand\stand\MainController\EWARM\MainController\Obj\Application\User\Core\signal.o"
#        "E:\Sources\GitHub
#        projects\ADC-Stand\stand\MainController\EWARM\MainController\Obj\Application\EWARM\startup_stm32f103xb.o"
#        "E:\Sources\GitHub
#        projects\ADC-Stand\stand\MainController\EWARM\MainController\Obj\Drivers\STM32F1xx_HAL_Driver\stm32f1xx_hal.o"
#        "E:\Sources\GitHub
#        projects\ADC-Stand\stand\MainController\EWARM\MainController\Obj\Drivers\STM32F1xx_HAL_Driver\stm32f1xx_hal_cortex.o"
#        "E:\Sources\GitHub
#        projects\ADC-Stand\stand\MainController\EWARM\MainController\Obj\Drivers\STM32F1xx_HAL_Driver\stm32f1xx_hal_dma.o"
#        "E:\Sources\GitHub
#        projects\ADC-Stand\stand\MainController\EWARM\MainController\Obj\Drivers\STM32F1xx_HAL_Driver\stm32f1xx_hal_exti.o"
#        "E:\Sources\GitHub
#        projects\ADC-Stand\stand\MainController\EWARM\MainController\Obj\Drivers\STM32F1xx_HAL_Driver\stm32f1xx_hal_flash.o"
#        "E:\Sources\GitHub
#        projects\ADC-Stand\stand\MainController\EWARM\MainController\Obj\Drivers\STM32F1xx_HAL_Driver\stm32f1xx_hal_flash_ex.o"
#        "E:\Sources\GitHub
#        projects\ADC-Stand\stand\MainController\EWARM\MainController\Obj\Drivers\STM32F1xx_HAL_Driver\stm32f1xx_hal_gpio.o"
#        "E:\Sources\GitHub
#        projects\ADC-Stand\stand\MainController\EWARM\MainController\Obj\Drivers\STM32F1xx_HAL_Driver\stm32f1xx_hal_gpio_ex.o"
#        "E:\Sources\GitHub
#        projects\ADC-Stand\stand\MainController\EWARM\MainController\Obj\Application\User\Core\stm32f1xx_hal_msp.o"
#        "E:\Sources\GitHub
#        projects\ADC-Stand\stand\MainController\EWARM\MainController\Obj\Drivers\STM32F1xx_HAL_Driver\stm32f1xx_hal_pcd.o"
#        "E:\Sources\GitHub
#        projects\ADC-Stand\stand\MainController\EWARM\MainController\Obj\Drivers\STM32F1xx_HAL_Driver\stm32f1xx_hal_pcd_ex.o"
#        "E:\Sources\GitHub
#        projects\ADC-Stand\stand\MainController\EWARM\MainController\Obj\Drivers\STM32F1xx_HAL_Driver\stm32f1xx_hal_pwr.o"
#        "E:\Sources\GitHub
#        projects\ADC-Stand\stand\MainController\EWARM\MainController\Obj\Drivers\STM32F1xx_HAL_Driver\stm32f1xx_hal_rcc.o"
#        "E:\Sources\GitHub
#        projects\ADC-Stand\stand\MainController\EWARM\MainController\Obj\Drivers\STM32F1xx_HAL_Driver\stm32f1xx_hal_rcc_ex.o"
#        "E:\Sources\GitHub
#        projects\ADC-Stand\stand\MainController\EWARM\MainController\Obj\Drivers\STM32F1xx_HAL_Driver\stm32f1xx_hal_tim.o"
#        "E:\Sources\GitHub
#        projects\ADC-Stand\stand\MainController\EWARM\MainController\Obj\Drivers\STM32F1xx_HAL_Driver\stm32f1xx_hal_tim_ex.o"
#        "E:\Sources\GitHub
#        projects\ADC-Stand\stand\MainController\EWARM\MainController\Obj\Application\User\Core\stm32f1xx_hal_timebase_tim.o"
#        "E:\Sources\GitHub
#        projects\ADC-Stand\stand\MainController\EWARM\MainController\Obj\Application\User\Core\stm32f1xx_it.o"
#        "E:\Sources\GitHub
#        projects\ADC-Stand\stand\MainController\EWARM\MainController\Obj\Drivers\STM32F1xx_HAL_Driver\stm32f1xx_ll_usb.o"
#        "E:\Sources\GitHub
#        projects\ADC-Stand\stand\MainController\EWARM\MainController\Obj\Middlewares\FreeRTOS\stream_buffer.o"
#        "E:\Sources\GitHub
#        projects\ADC-Stand\stand\MainController\EWARM\MainController\Obj\Drivers\CMSIS\system_stm32f1xx.o"
#        "E:\Sources\GitHub
#        projects\ADC-Stand\stand\MainController\EWARM\MainController\Obj\Middlewares\FreeRTOS\tasks.o"
#        "E:\Sources\GitHub
#        projects\ADC-Stand\stand\MainController\EWARM\MainController\Obj\Application\User\Core\tim.o"
#        "E:\Sources\GitHub
#        projects\ADC-Stand\stand\MainController\EWARM\MainController\Obj\Middlewares\FreeRTOS\timers.o"
#        "E:\Sources\GitHub
#        projects\ADC-Stand\stand\MainController\EWARM\MainController\Obj\Application\User\USB_DEVICE\App\usb_device.o"
#        "E:\Sources\GitHub
#        projects\ADC-Stand\stand\MainController\EWARM\MainController\Obj\Middlewares\USB_Device_Library\usbd_cdc.o"
#        "E:\Sources\GitHub
#        projects\ADC-Stand\stand\MainController\EWARM\MainController\Obj\Application\User\USB_DEVICE\App\usbd_cdc_if.o"
#        "E:\Sources\GitHub
#        projects\ADC-Stand\stand\MainController\EWARM\MainController\Obj\Application\User\USB_DEVICE\Target\usbd_conf.o"
#        "E:\Sources\GitHub
#        projects\ADC-Stand\stand\MainController\EWARM\MainController\Obj\Middlewares\USB_Device_Library\usbd_core.o"
#        "E:\Sources\GitHub
#        projects\ADC-Stand\stand\MainController\EWARM\MainController\Obj\Middlewares\USB_Device_Library\usbd_ctlreq.o"
#        "E:\Sources\GitHub
#        projects\ADC-Stand\stand\MainController\EWARM\MainController\Obj\Application\User\USB_DEVICE\App\usbd_desc.o"
#        "E:\Sources\GitHub
#        projects\ADC-Stand\stand\MainController\EWARM\MainController\Obj\Middlewares\USB_Device_Library\usbd_ioreq.o"
#        "E:\Sources\GitHub
#        projects\ADC-Stand\stand\MainController\EWARM\MainController\Obj\Application\User\Core\tasks\USBrxtx.o"
#        --redirect _Printf=_PrintfFull --redirect _Scanf=_ScanfFull
#        --no_out_extension -o "E:\Sources\GitHub
#        projects\ADC-Stand\stand\MainController\EWARM\MainController\Exe\MainController.out"
#        --map "E:\Sources\GitHub
#        projects\ADC-Stand\stand\MainController\EWARM\MainController\List\MainController.map"
#        --config "E:\Sources\GitHub
#        projects\ADC-Stand\stand\MainController\EWARM/stm32f103xb_flash.icf"
#        --semihosting --entry __iar_program_start "E:\apps\IAR EW for ARM
#        9.10.1\arm\CMSIS\Lib\IAR\iar_cortexM3l_math.a" --vfe --text_out
#        locale)
#
###############################################################################

*******************************************************************************
*** RUNTIME MODEL ATTRIBUTES
***

CppFlavor       = *
__SystemLibrary = DLib
__dlib_version  = 6


*******************************************************************************
*** HEAP SELECTION
***

The basic heap was selected because no calls to memory allocation
functions were found in the application outside of system library
functions, and there are calls to deallocation functions in the
application.


*******************************************************************************
*** PLACEMENT SUMMARY
***

"A0":  place at address 0x800'0000 { ro section .intvec };
"P1":  place in [from 0x800'0000 to 0x801'ffff] { ro };
define block CSTACK with size = 1K, alignment = 8 { };
define block HEAP with size = 512, alignment = 8 { };
"P2":  place in [from 0x2000'0000 to 0x2000'4fff] {
          rw, block CSTACK, block HEAP };
initialize by copy { rw };

  Section            Kind         Address    Size  Object
  -------            ----         -------    ----  ------
"A0":                                        0xec
  .intvec            ro code   0x800'0000    0xec  startup_stm32f103xb.o [1]
                             - 0x800'00ec    0xec

"P1":                                      0x9a5c
  .text              ro code   0x800'00ec  0x10c8  stm32f1xx_hal_pcd.o [7]
  .text              ro code   0x800'11b4   0x38a  usbd_conf.o [5]
  .text              ro code   0x800'153e   0xf6a  stm32f1xx_ll_usb.o [7]
  .text              ro code   0x800'24a8    0xa6  ABImemcpy.o [12]
  .text              ro code   0x800'254e    0x76  lz77_init_single.o [12]
  .text              ro code   0x800'25c4   0x10c  stm32f1xx_hal_cortex.o [7]
  .text              ro code   0x800'26d0   0x37e  usbd_core.o [9]
  .text              ro code   0x800'2a4e    0x1e  xencoding_8859_1.o [10]
  .text              ro code   0x800'2a6c    0xfc  main.o [2]
  .text              ro code   0x800'2b68    0x54  stm32f1xx_hal_pcd_ex.o [7]
  .text              ro code   0x800'2bbc   0x868  usbd_ctlreq.o [9]
  .text              ro code   0x800'3424    0xc4  usbd_ioreq.o [9]
  .text              ro code   0x800'34e8    0x28  stm32f1xx_hal.o [7]
  .text              ro code   0x800'3510    0x64  settings.o [2]
  .text              ro code   0x800'3574    0x54  gpio.o [2]
  .text              ro code   0x800'35c8    0x30  dma.o [2]
  .text              ro code   0x800'35f8   0x298  tim.o [2]
  .text              ro code   0x800'3890   0x934  stm32f1xx_hal_tim.o [7]
  .text              ro code   0x800'41c4   0x218  signal.o [2]
  .text              ro code   0x800'43dc   0x208  cmsis_os2.o [8]
  .text              ro code   0x800'45e4    0x48  freertos.o [2]
  .text              ro code   0x800'462c    0x66  ABImemset.o [12]
  .text              ro code   0x800'4692     0xa  xsprout.o [10]
  .text              ro code   0x800'469c   0x714  stm32f1xx_hal_rcc.o [7]
  .text              ro code   0x800'4db0   0x124  stm32f1xx_hal_rcc_ex.o [7]
  .text              ro code   0x800'4ed4    0x18  stm32f1xx_hal.o [7]
  .text              ro code   0x800'4eec    0x98  stm32f1xx_hal_timebase_tim.o [2]
  .text              ro code   0x800'4f84    0x5c  stm32f1xx_hal_msp.o [2]
  .text              ro code   0x800'4fe0    0x14  memset.o [12]
  .text              ro code   0x800'4ff4    0x7c  stm32f1xx_hal_tim_ex.o [7]
  .text              ro code   0x800'5070   0x28c  stm32f1xx_hal_dma.o [7]
  .text              ro code   0x800'52fc   0x268  stm32f1xx_hal_gpio.o [7]
  .text              ro code   0x800'5564     0x2  stm32f1xx_hal_tim.o [7]
  .text              ro code   0x800'5566     0x2  stm32f1xx_hal_tim.o [7]
  .text              ro code   0x800'5568     0x2  stm32f1xx_hal_tim.o [7]
  .text              ro code   0x800'556a     0x2  stm32f1xx_hal_tim.o [7]
  .text              ro code   0x800'556c     0x2  stm32f1xx_hal_tim.o [7]
  .text              ro code   0x800'556e     0x2  stm32f1xx_hal_tim_ex.o [7]
  .text              ro code   0x800'5570     0x2  stm32f1xx_hal_tim.o [7]
  .text              ro code   0x800'5572     0x2  stm32f1xx_hal_tim_ex.o [7]
  .text              ro code   0x800'5574   0xadc  tasks.o [8]
  .text              ro code   0x800'6050    0x54  usb_device.o [4]
  .text              ro code   0x800'60a4     0xc  stm32f1xx_hal.o [7]
  .text              ro code   0x800'60b0   0x27c  heap_4.o [8]
  .text              ro code   0x800'632c    0x9a  list.o [8]
  .rodata            const     0x800'63c6     0x2  stm32f1xx_hal_rcc.o [7]
  .text              ro code   0x800'63c8   0x1f0  port.o [8]
  .text              ro code   0x800'65b8   0x4a4  timers.o [8]
  .text              ro code   0x800'6a5c   0x3fc  usbd_cdc.o [9]
  .text              ro code   0x800'6e58    0x38  port.o [8]
  CODE               ro code   0x800'6e90    0x88  portasm.o [8]
  .text              ro code   0x800'6f18   0x778  queue.o [8]
  .text              ro code   0x800'7690  0x101e  xprintffull.o [10]
  .rodata            const     0x800'86ae     0x2  xlocale_c.o [10]
  .text              ro code   0x800'86b0    0x7c  xlocale_c.o [10]
  .text              ro code   0x800'872c    0x16  strchr.o [12]
  .rodata            const     0x800'8742     0x2  xlocale_c.o [10]
  .text              ro code   0x800'8744    0x40  xfail_s.o [10]
  .text              ro code   0x800'8784    0x36  strlen.o [12]
  .rodata            const     0x800'87ba     0x1  USBrxtx.o [3]
  .rodata            const     0x800'87bb     0x1  USBrxtx.o [3]
  .text              ro code   0x800'87bc    0x58  memchr.o [12]
  .text              ro code   0x800'8814    0x70  frexp.o [11]
  .text              ro code   0x800'8884    0x34  DblCmpLe.o [11]
  .text              ro code   0x800'88b8    0x34  DblCmpGe.o [11]
  .text              ro code   0x800'88ec   0x13a  ldexp.o [11]
  .rodata            const     0x800'8a26     0x1  xlocale_c.o [10]
  .text              ro code   0x800'8a28    0x36  DblToS32.o [11]
  .text              ro code   0x800'8a60    0x22  S32ToDbl.o [11]
  .text              ro code   0x800'8a84   0x24e  DblAddSub.o [11]
  .text              ro code   0x800'8cd4   0x246  DblDiv.o [11]
  .text              ro code   0x800'8f1c    0x22  DblToU32.o [11]
  .text              ro code   0x800'8f40    0x1c  U32ToDbl.o [11]
  .text              ro code   0x800'8f5c   0x1aa  DblMul.o [11]
  .text              ro code   0x800'9106     0xa  xmbcurmax.o [10]
  .text              ro code   0x800'9110   0x230  I64DivMod.o [12]
  .text              ro code   0x800'9340     0x6  abort.o [10]
  .text              ro code   0x800'9348     0x2  I64DivZer.o [12]
  .text              ro code   0x800'934c    0x14  exit.o [13]
  .text              ro code   0x800'9360   0x1b4  USBrxtx.o [3]
  .text              ro code   0x800'9514    0xd0  usbd_cdc_if.o [4]
  .text              ro code   0x800'95e4    0x40  sprintf.o [10]
  .text              ro code   0x800'9624   0x15e  usbd_desc.o [4]
  .text              ro code   0x800'9784    0x38  stm32f1xx_it.o [2]
  .text              ro code   0x800'97bc    0x38  zero_init3.o [12]
  .text              ro code   0x800'97f4    0x28  data_init.o [12]
  .rodata            const     0x800'981c    0x24  freertos.o [2]
  .rodata            const     0x800'9840    0x24  freertos.o [2]
  .iar.init_table    const     0x800'9864    0x20  - Linker created -
  .rodata            const     0x800'9884    0x20  USBrxtx.o [3]
  .text              ro code   0x800'98a4    0x1e  cmain.o [12]
  .text              ro code   0x800'98c2     0x4  low_level_init.o [10]
  .text              ro code   0x800'98c6     0x4  exit.o [10]
  .text              ro code   0x800'98cc     0xa  cexit.o [12]
  .text              ro code   0x800'98d8    0x1c  cstartup_M.o [12]
  .rodata            const     0x800'98f4    0x10  stm32f1xx_hal_rcc.o [7]
  .rodata            const     0x800'9904    0x10  system_stm32f1xx.o [6]
  .rodata            const     0x800'9914    0x10  usbd_desc.o [4]
  .text              ro code   0x800'9924    0x10  startup_stm32f103xb.o [1]
  .rodata            const     0x800'9934     0xc  freertos.o [2]
  .rodata            const     0x800'9940     0xc  freertos.o [2]
  .rodata            const     0x800'994c     0xc  usbd_desc.o [4]
  .rodata            const     0x800'9958     0xc  usbd_desc.o [4]
  .rodata            const     0x800'9964     0xc  USBrxtx.o [3]
  .rodata            const     0x800'9970     0x8  system_stm32f1xx.o [6]
  .rodata            const     0x800'9978     0x8  tasks.o [8]
  .rodata            const     0x800'9980     0x8  timers.o [8]
  .rodata            const     0x800'9988     0x8  timers.o [8]
  .rodata            const     0x800'9990     0x8  usbd_desc.o [4]
  .rodata            const     0x800'9998     0x4  heap_4.o [8]
  .rodata            const     0x800'999c     0x4  port.o [8]
  .rodata            const     0x800'99a0     0x4  USBrxtx.o [3]
  .text              ro code   0x800'99a4     0x4  startup_stm32f103xb.o [1]
  .text              ro code   0x800'99a8     0x4  startup_stm32f103xb.o [1]
  .text              ro code   0x800'99ac     0x4  startup_stm32f103xb.o [1]
  .text              ro code   0x800'99b0     0x4  startup_stm32f103xb.o [1]
  .text              ro code   0x800'99b4     0x4  startup_stm32f103xb.o [1]
  .text              ro code   0x800'99b8     0x4  startup_stm32f103xb.o [1]
  .text              ro code   0x800'99bc     0x4  startup_stm32f103xb.o [1]
  .text              ro code   0x800'99c0     0x4  startup_stm32f103xb.o [1]
  .text              ro code   0x800'99c4     0x4  startup_stm32f103xb.o [1]
  .text              ro code   0x800'99c8     0x4  startup_stm32f103xb.o [1]
  .text              ro code   0x800'99cc     0x4  startup_stm32f103xb.o [1]
  .text              ro code   0x800'99d0     0x4  startup_stm32f103xb.o [1]
  .text              ro code   0x800'99d4     0x4  startup_stm32f103xb.o [1]
  .text              ro code   0x800'99d8     0x4  startup_stm32f103xb.o [1]
  .text              ro code   0x800'99dc     0x4  startup_stm32f103xb.o [1]
  .text              ro code   0x800'99e0     0x4  startup_stm32f103xb.o [1]
  .text              ro code   0x800'99e4     0x4  startup_stm32f103xb.o [1]
  .text              ro code   0x800'99e8     0x4  startup_stm32f103xb.o [1]
  .text              ro code   0x800'99ec     0x4  startup_stm32f103xb.o [1]
  .text              ro code   0x800'99f0     0x4  startup_stm32f103xb.o [1]
  .text              ro code   0x800'99f4     0x4  startup_stm32f103xb.o [1]
  .text              ro code   0x800'99f8     0x4  startup_stm32f103xb.o [1]
  .text              ro code   0x800'99fc     0x4  startup_stm32f103xb.o [1]
  .text              ro code   0x800'9a00     0x4  startup_stm32f103xb.o [1]
  .text              ro code   0x800'9a04     0x4  startup_stm32f103xb.o [1]
  .text              ro code   0x800'9a08     0x4  startup_stm32f103xb.o [1]
  .text              ro code   0x800'9a0c     0x4  startup_stm32f103xb.o [1]
  .text              ro code   0x800'9a10     0x4  startup_stm32f103xb.o [1]
  .text              ro code   0x800'9a14     0x4  startup_stm32f103xb.o [1]
  .text              ro code   0x800'9a18     0x4  startup_stm32f103xb.o [1]
  .text              ro code   0x800'9a1c     0x4  startup_stm32f103xb.o [1]
  .text              ro code   0x800'9a20     0x4  startup_stm32f103xb.o [1]
  .text              ro code   0x800'9a24     0x4  startup_stm32f103xb.o [1]
  .text              ro code   0x800'9a28     0x4  startup_stm32f103xb.o [1]
  .text              ro code   0x800'9a2c     0x4  startup_stm32f103xb.o [1]
  .text              ro code   0x800'9a30     0x4  startup_stm32f103xb.o [1]
  .text              ro code   0x800'9a34     0x4  startup_stm32f103xb.o [1]
  .text              ro code   0x800'9a38     0x4  startup_stm32f103xb.o [1]
  .text              ro code   0x800'9a3c     0x4  startup_stm32f103xb.o [1]
  .text              ro code   0x800'9a40     0x4  startup_stm32f103xb.o [1]
  .text              ro code   0x800'9a44     0x2  system_stm32f1xx.o [6]
  .rodata            const     0x800'9a46     0x0  zero_init3.o [12]
  .rodata            const     0x800'9a46     0x0  lz77_init_single.o [12]
  Initializer bytes  const     0x800'9a46   0x102  <for P2-1>
                             - 0x800'9b48  0x9a5c

"P2", part 1 of 3:                          0x1fd
  P2-1                        0x2000'0000   0x1fd  <Init block>
    .data            inited   0x2000'0000     0x4  port.o [8]
    .data            inited   0x2000'0004     0x4  stm32f1xx_hal.o [7]
    .data            inited   0x2000'0008     0x4  system_stm32f1xx.o [6]
    .data            inited   0x2000'000c     0xc  usbd_cdc.o [9]
    .data            inited   0x2000'0018    0x38  usbd_cdc.o [9]
    .data            inited   0x2000'0050    0x44  usbd_cdc.o [9]
    .data            inited   0x2000'0094    0x44  usbd_cdc.o [9]
    .data            inited   0x2000'00d8    0x44  usbd_cdc.o [9]
    .data            inited   0x2000'011c    0x10  usbd_cdc_if.o [4]
    .data            inited   0x2000'012c    0x1c  usbd_desc.o [4]
    .data            inited   0x2000'0148    0x14  usbd_desc.o [4]
    .data            inited   0x2000'015c     0x4  usbd_desc.o [4]
    .data            inited   0x2000'0160    0x1c  usbd_desc.o [4]
    .data            inited   0x2000'017c    0x38  xlocale_c.o [10]
    .data            inited   0x2000'01b4    0x48  xlocale_c.o [10]
    .data            inited   0x2000'01fc     0x1  stm32f1xx_hal.o [7]
                            - 0x2000'01fd   0x1fd

"P2", part 2 of 3:                         0x348c
  .bss               zero     0x2000'0200   0xc00  heap_4.o [8]
  .bss               zero     0x2000'0e00   0x460  tasks.o [8]
  .bss               zero     0x2000'1260   0x418  settings.o [2]
  .bss               zero     0x2000'1678   0x400  cmsis_os2.o [8]
  .bss               zero     0x2000'1a78   0x400  usbd_desc.o [4]
  .bss               zero     0x2000'1e78   0x3e8  usbd_cdc_if.o [4]
  .bss               zero     0x2000'2260   0x3e8  usbd_cdc_if.o [4]
  .bss               zero     0x2000'2648   0x2f0  usbd_conf.o [5]
  .bss               zero     0x2000'2938   0x2c4  usb_device.o [4]
  .bss               zero     0x2000'2bfc   0x258  USBrxtx.o [3]
  .bss               zero     0x2000'2e54   0x220  usbd_conf.o [5]
  .bss               zero     0x2000'3074   0x200  cmsis_os2.o [8]
  .bss               zero     0x2000'3274    0xa0  timers.o [8]
  .bss               zero     0x2000'3314    0x5c  cmsis_os2.o [8]
  .bss               zero     0x2000'3370    0x5c  cmsis_os2.o [8]
  .bss               zero     0x2000'33cc    0x50  timers.o [8]
  .bss               zero     0x2000'341c    0x48  stm32f1xx_hal_timebase_tim.o [2]
  .bss               zero     0x2000'3464    0x48  tim.o [2]
  .bss               zero     0x2000'34ac    0x48  tim.o [2]
  .bss               zero     0x2000'34f4    0x44  tim.o [2]
  .bss               zero     0x2000'3538    0x40  queue.o [8]
  .bss               zero     0x2000'3578    0x14  tasks.o [8]
  .bss               zero     0x2000'358c    0x14  tasks.o [8]
  .bss               zero     0x2000'35a0    0x14  tasks.o [8]
  .bss               zero     0x2000'35b4    0x14  tasks.o [8]
  .bss               zero     0x2000'35c8    0x14  tasks.o [8]
  .bss               zero     0x2000'35dc    0x14  timers.o [8]
  .bss               zero     0x2000'35f0    0x14  timers.o [8]
  .bss               zero     0x2000'3604     0x8  heap_4.o [8]
  .bss               zero     0x2000'360c     0x4  cmsis_os2.o [8]
  .bss               zero     0x2000'3610     0x4  freertos.o [2]
  .bss               zero     0x2000'3614     0x4  freertos.o [2]
  .bss               zero     0x2000'3618     0x4  heap_4.o [8]
  .bss               zero     0x2000'361c     0x4  heap_4.o [8]
  .bss               zero     0x2000'3620     0x4  heap_4.o [8]
  .bss               zero     0x2000'3624     0x4  heap_4.o [8]
  .bss               zero     0x2000'3628     0x4  port.o [8]
  .bss               zero     0x2000'362c     0x4  stm32f1xx_hal.o [7]
  .bss               zero     0x2000'3630     0x4  tasks.o [8]
  .bss               zero     0x2000'3634     0x4  tasks.o [8]
  .bss               zero     0x2000'3638     0x4  tasks.o [8]
  .bss               zero     0x2000'363c     0x4  tasks.o [8]
  .bss               zero     0x2000'3640     0x4  tasks.o [8]
  .bss               zero     0x2000'3644     0x4  tasks.o [8]
  .bss               zero     0x2000'3648     0x4  tasks.o [8]
  .bss               zero     0x2000'364c     0x4  tasks.o [8]
  .bss               zero     0x2000'3650     0x4  tasks.o [8]
  .bss               zero     0x2000'3654     0x4  tasks.o [8]
  .bss               zero     0x2000'3658     0x4  tasks.o [8]
  .bss               zero     0x2000'365c     0x4  tasks.o [8]
  .bss               zero     0x2000'3660     0x4  tasks.o [8]
  .bss               zero     0x2000'3664     0x4  tasks.o [8]
  .bss               zero     0x2000'3668     0x4  tasks.o [8]
  .bss               zero     0x2000'366c     0x4  timers.o [8]
  .bss               zero     0x2000'3670     0x4  timers.o [8]
  .bss               zero     0x2000'3674     0x4  timers.o [8]
  .bss               zero     0x2000'3678     0x4  timers.o [8]
  .bss               zero     0x2000'367c     0x4  timers.o [8]
  .bss               zero     0x2000'3680     0x4  xfail_s.o [10]
  .bss               zero     0x2000'3684     0x2  signal.o [2]
  .bss               zero     0x2000'3686     0x1  port.o [8]
  .bss               zero     0x2000'3687     0x1  settings.o [2]
  .bss               zero     0x2000'3688     0x1  usbd_ctlreq.o [9]
  .bss               zero     0x2000'3689     0x1  USBrxtx.o [3]
                            - 0x2000'368a  0x348a

"P2", part 3 of 3:                          0x400
  CSTACK                      0x2000'3690   0x400  <Block>
    CSTACK           uninit   0x2000'3690   0x400  <Block tail>
                            - 0x2000'3a90   0x400

Unused ranges:

         From           To      Size
         ----           --      ----
   0x800'9b48   0x801'ffff  0x1'64b8
  0x2000'01fd  0x2000'01ff       0x3
  0x2000'368c  0x2000'368f       0x4
  0x2000'3a90  0x2000'4fff    0x1570


*******************************************************************************
*** INIT TABLE
***

          Address      Size
          -------      ----
Zero (__iar_zero_init3)
    1 destination range, total size 0x348a:
          0x2000'0200  0x348a

Copy/lz77 (__iar_lz77_init_single3)
    1 source range, total size 0x102 (50% of destination):
           0x800'9a46   0x102
    1 destination range, total size 0x1fd:
          0x2000'0000   0x1fd



*******************************************************************************
*** MODULE SUMMARY
***

    Module                        ro code  ro data  rw data
    ------                        -------  -------  -------
command line/config:
    -------------------------------------------------------
    Total:

E:\Sources\GitHub projects\ADC-Stand\stand\MainController\EWARM\MainController\Obj\Application\EWARM: [1]
    startup_stm32f103xb.o             412
    -------------------------------------------------------
    Total:                            412

E:\Sources\GitHub projects\ADC-Stand\stand\MainController\EWARM\MainController\Obj\Application\User\Core: [2]
    dma.o                              48
    freertos.o                         72       96        8
    gpio.o                             84
    main.o                            252
    settings.o                        100             1'049
    signal.o                          536                 2
    stm32f1xx_hal_msp.o                92
    stm32f1xx_hal_timebase_tim.o      152                72
    stm32f1xx_it.o                     56
    tim.o                             664               212
    -------------------------------------------------------
    Total:                          2'056       96    1'343

E:\Sources\GitHub projects\ADC-Stand\stand\MainController\EWARM\MainController\Obj\Application\User\Core\tasks: [3]
    USBrxtx.o                         436       50      601
    -------------------------------------------------------
    Total:                            436       50      601

E:\Sources\GitHub projects\ADC-Stand\stand\MainController\EWARM\MainController\Obj\Application\User\USB_DEVICE\App: [4]
    usb_device.o                       84               708
    usbd_cdc_if.o                     208        9    2'016
    usbd_desc.o                       350       88    1'104
    -------------------------------------------------------
    Total:                            642       97    3'828

E:\Sources\GitHub projects\ADC-Stand\stand\MainController\EWARM\MainController\Obj\Application\User\USB_DEVICE\Target: [5]
    usbd_conf.o                       906             1'296
    -------------------------------------------------------
    Total:                            906             1'296

E:\Sources\GitHub projects\ADC-Stand\stand\MainController\EWARM\MainController\Obj\Drivers\CMSIS: [6]
    system_stm32f1xx.o                  2       26        4
    -------------------------------------------------------
    Total:                              2       26        4

E:\Sources\GitHub projects\ADC-Stand\stand\MainController\EWARM\MainController\Obj\Drivers\STM32F1xx_HAL_Driver: [7]
    stm32f1xx_hal.o                    76        3        9
    stm32f1xx_hal_cortex.o            268
    stm32f1xx_hal_dma.o               652
    stm32f1xx_hal_gpio.o              616
    stm32f1xx_hal_pcd.o             4'296
    stm32f1xx_hal_pcd_ex.o             84
    stm32f1xx_hal_rcc.o             1'812       18
    stm32f1xx_hal_rcc_ex.o            292
    stm32f1xx_hal_tim.o             2'368
    stm32f1xx_hal_tim_ex.o            128
    stm32f1xx_ll_usb.o              3'946
    -------------------------------------------------------
    Total:                         14'538       21        9

E:\Sources\GitHub projects\ADC-Stand\stand\MainController\EWARM\MainController\Obj\Middlewares\FreeRTOS: [8]
    cmsis_os2.o                       520             1'724
    heap_4.o                          636        4    3'096
    list.o                            154
    port.o                            552        6        9
    portasm.o                         136
    queue.o                         1'912                64
    tasks.o                         2'780        8    1'280
    timers.o                        1'188       16      300
    -------------------------------------------------------
    Total:                          7'878       34    6'473

E:\Sources\GitHub projects\ADC-Stand\stand\MainController\EWARM\MainController\Obj\Middlewares\USB_Device_Library: [9]
    usbd_cdc.o                      1'020      137      272
    usbd_core.o                       894
    usbd_ctlreq.o                   2'152                 1
    usbd_ioreq.o                      196
    -------------------------------------------------------
    Total:                          4'262      137      273

dl7M_tlf.a: [10]
    abort.o                             6
    exit.o                              4
    low_level_init.o                    4
    sprintf.o                          64
    xencoding_8859_1.o                 30
    xfail_s.o                          64                 4
    xlocale_c.o                       124       70      128
    xmbcurmax.o                        10
    xprintffull.o                   4'126
    xsprout.o                          10
    -------------------------------------------------------
    Total:                          4'442       70      132

m7M_tl.a: [11]
    DblAddSub.o                       590
    DblCmpGe.o                         52
    DblCmpLe.o                         52
    DblDiv.o                          582
    DblMul.o                          426
    DblToS32.o                         54
    DblToU32.o                         34
    S32ToDbl.o                         34
    U32ToDbl.o                         28
    frexp.o                           112
    ldexp.o                           314
    -------------------------------------------------------
    Total:                          2'278

rt7M_tl.a: [12]
    ABImemcpy.o                       166
    ABImemset.o                       102
    I64DivMod.o                       560
    I64DivZer.o                         2
    cexit.o                            10
    cmain.o                            30
    cstartup_M.o                       28
    data_init.o                        40
    lz77_init_single.o                118
    memchr.o                           88
    memset.o                           20
    strchr.o                           22
    strlen.o                           54
    zero_init3.o                       56
    -------------------------------------------------------
    Total:                          1'296

shb_l.a: [13]
    exit.o                             20
    -------------------------------------------------------
    Total:                             20

    Gaps                               21
    Linker created                              32    1'024
-----------------------------------------------------------
    Grand Total:                   39'189      563   14'983


*******************************************************************************
*** ENTRY LIST
***

Entry                       Address   Size  Type      Object
-----                       -------   ----  ----      ------
.iar.init_table$$Base    0x800'9864          --   Gb  - Linker created -
.iar.init_table$$Limit   0x800'9884          --   Gb  - Linker created -
?main                    0x800'98a5         Code  Gb  cmain.o [12]
AHBPrescTable            0x800'9904   0x10  Data  Gb  system_stm32f1xx.o [6]
APBPrescTable            0x800'9970    0x8  Data  Gb  system_stm32f1xx.o [6]
BadRquestReport          0x800'94d5   0x20  Code  Gb  USBrxtx.o [3]
BusFault_Handler         0x800'978b    0x2  Code  Gb  stm32f1xx_it.o [2]
CDC_Control_FS           0x800'9531   0x42  Code  Lc  usbd_cdc_if.o [4]
CDC_DeInit_FS            0x800'952d    0x4  Code  Lc  usbd_cdc_if.o [4]
CDC_Init_FS              0x800'9515   0x18  Code  Lc  usbd_cdc_if.o [4]
CDC_Receive_FS           0x800'9573   0x36  Code  Lc  usbd_cdc_if.o [4]
CDC_Transmit_FS          0x800'95a9   0x30  Code  Gb  usbd_cdc_if.o [4]
CSTACK$$Base            0x2000'3690          --   Gb  - Linker created -
CSTACK$$Limit           0x2000'3a90          --   Gb  - Linker created -
CacheMore                0x800'86b5   0x28  Code  Lc  xlocale_c.o [10]
CalculateBuffer          0x800'41c7  0x190  Code  Gb  signal.o [2]
CalculateMemoryBuffer    0x800'41c5    0x2  Code  Gb  signal.o [2]
DATA_TYPE                0x800'87bb    0x1  Data  Gb  USBrxtx.o [3]
DMA1_Channel3_IRQHandler
                         0x800'9791    0xa  Code  Gb  stm32f1xx_it.o [2]
DMA_SetConfig            0x800'52d1   0x2c  Code  Lc  stm32f1xx_hal_dma.o [7]
DebugMon_Handler         0x800'978f    0x2  Code  Gb  stm32f1xx_it.o [2]
Error_Handler            0x800'2b65    0x4  Code  Gb  main.o [2]
FS_Desc                 0x2000'012c   0x1c  Data  Gb  usbd_desc.o [4]
Get_SerialNum            0x800'96d7   0x2a  Code  Lc  usbd_desc.o [4]
HAL_DMA_IRQHandler       0x800'5143  0x16a  Code  Gb  stm32f1xx_hal_dma.o [7]
HAL_DMA_Init             0x800'5071   0x66  Code  Gb  stm32f1xx_hal_dma.o [7]
HAL_DMA_Start            0x800'50d7   0x6c  Code  Gb  stm32f1xx_hal_dma.o [7]
HAL_GPIO_Init            0x800'52fd  0x226  Code  Gb  stm32f1xx_hal_gpio.o [7]
HAL_GetTick              0x800'60a5    0xc  Code  Gb  stm32f1xx_hal.o [7]
HAL_IncTick              0x800'4ed5   0x18  Code  Gb  stm32f1xx_hal.o [7]
HAL_Init                 0x800'34e9   0x22  Code  Gb  stm32f1xx_hal.o [7]
HAL_InitTick             0x800'4eed   0x86  Code  Gb  stm32f1xx_hal_timebase_tim.o [2]
HAL_MspInit              0x800'4f85   0x5c  Code  Gb  stm32f1xx_hal_msp.o [2]
HAL_NVIC_EnableIRQ       0x800'26ad    0xe  Code  Gb  stm32f1xx_hal_cortex.o [7]
HAL_NVIC_SetPriority     0x800'2683   0x2a  Code  Gb  stm32f1xx_hal_cortex.o [7]
HAL_NVIC_SetPriorityGrouping
                         0x800'2677    0xc  Code  Gb  stm32f1xx_hal_cortex.o [7]
HAL_PCDEx_PMAConfig      0x800'2b69   0x54  Code  Gb  stm32f1xx_hal_pcd_ex.o [7]
HAL_PCDEx_SetConnectionState
                         0x800'150f    0x2  Code  Gb  usbd_conf.o [5]
HAL_PCD_DataInStageCallback
                         0x800'1229   0x22  Code  Gb  usbd_conf.o [5]
HAL_PCD_DataOutStageCallback
                         0x800'1205   0x24  Code  Gb  usbd_conf.o [5]
HAL_PCD_EP_Close         0x800'0511   0x6a  Code  Gb  stm32f1xx_hal_pcd.o [7]
HAL_PCD_EP_ClrStall      0x800'06b7   0x80  Code  Gb  stm32f1xx_hal_pcd.o [7]
HAL_PCD_EP_DB_Receive    0x800'0c23  0x140  Code  Lc  stm32f1xx_hal_pcd.o [7]
HAL_PCD_EP_DB_Transmit   0x800'0d63  0x452  Code  Lc  stm32f1xx_hal_pcd.o [7]
HAL_PCD_EP_GetRxCount    0x800'05c5   0x12  Code  Gb  stm32f1xx_hal_pcd.o [7]
HAL_PCD_EP_Open          0x800'0479   0x98  Code  Gb  stm32f1xx_hal_pcd.o [7]
HAL_PCD_EP_Receive       0x800'057b   0x4a  Code  Gb  stm32f1xx_hal_pcd.o [7]
HAL_PCD_EP_SetStall      0x800'062b   0x8c  Code  Gb  stm32f1xx_hal_pcd.o [7]
HAL_PCD_EP_Transmit      0x800'05d7   0x54  Code  Gb  stm32f1xx_hal_pcd.o [7]
HAL_PCD_IRQHandler       0x800'02a1  0x1a8  Code  Gb  stm32f1xx_hal_pcd.o [7]
HAL_PCD_Init             0x800'00ed  0x180  Code  Gb  stm32f1xx_hal_pcd.o [7]
HAL_PCD_MspInit          0x800'11b5   0x3e  Code  Gb  usbd_conf.o [5]
HAL_PCD_ResetCallback    0x800'1259   0x26  Code  Gb  usbd_conf.o [5]
HAL_PCD_ResumeCallback   0x800'129f    0xe  Code  Gb  usbd_conf.o [5]
HAL_PCD_SOFCallback      0x800'124b    0xe  Code  Gb  usbd_conf.o [5]
HAL_PCD_SetAddress       0x800'0449   0x30  Code  Gb  stm32f1xx_hal_pcd.o [7]
HAL_PCD_SetupStageCallback
                         0x800'11f3   0x12  Code  Gb  usbd_conf.o [5]
HAL_PCD_Start            0x800'026d   0x34  Code  Gb  stm32f1xx_hal_pcd.o [7]
HAL_PCD_SuspendCallback
                         0x800'127f   0x20  Code  Gb  usbd_conf.o [5]
HAL_RCCEx_PeriphCLKConfig
                         0x800'4db1  0x10e  Code  Gb  stm32f1xx_hal_rcc_ex.o [7]
HAL_RCC_ClockConfig      0x800'4b1f  0x16e  Code  Gb  stm32f1xx_hal_rcc.o [7]
HAL_RCC_GetClockConfig   0x800'4d07   0x3a  Code  Gb  stm32f1xx_hal_rcc.o [7]
HAL_RCC_GetHCLKFreq      0x800'4ceb    0x6  Code  Gb  stm32f1xx_hal_rcc.o [7]
HAL_RCC_GetPCLK2Freq     0x800'4cf1   0x16  Code  Gb  stm32f1xx_hal_rcc.o [7]
HAL_RCC_GetSysClockFreq
                         0x800'4c8d   0x5e  Code  Gb  stm32f1xx_hal_rcc.o [7]
HAL_RCC_GetSysClockFreq::aPLLMULFactorTable
                         0x800'98f4   0x10  Data  Lc  stm32f1xx_hal_rcc.o [7]
HAL_RCC_GetSysClockFreq::aPredivFactorTable
                         0x800'63c6    0x2  Data  Lc  stm32f1xx_hal_rcc.o [7]
HAL_RCC_OscConfig        0x800'469d  0x482  Code  Gb  stm32f1xx_hal_rcc.o [7]
HAL_TIMEx_BreakCallback
                         0x800'556f    0x2  Code  Gb  stm32f1xx_hal_tim_ex.o [7]
HAL_TIMEx_CommutCallback
                         0x800'5573    0x2  Code  Gb  stm32f1xx_hal_tim_ex.o [7]
HAL_TIMEx_MasterConfigSynchronization
                         0x800'4ff5   0x6e  Code  Gb  stm32f1xx_hal_tim_ex.o [7]
HAL_TIM_Base_Init        0x800'3891   0x6e  Code  Gb  stm32f1xx_hal_tim.o [7]
HAL_TIM_Base_MspInit     0x800'3789   0x9c  Code  Gb  tim.o [2]
HAL_TIM_Base_Start       0x800'38ff   0x66  Code  Gb  stm32f1xx_hal_tim.o [7]
HAL_TIM_Base_Start_IT    0x800'3965   0x72  Code  Gb  stm32f1xx_hal_tim.o [7]
HAL_TIM_ConfigClockSource
                         0x800'3e67   0xf4  Code  Gb  stm32f1xx_hal_tim.o [7]
HAL_TIM_IC_CaptureCallback
                         0x800'5569    0x2  Code  Gb  stm32f1xx_hal_tim.o [7]
HAL_TIM_IRQHandler       0x800'3b8d  0x176  Code  Gb  stm32f1xx_hal_tim.o [7]
HAL_TIM_MspPostInit      0x800'3825   0x48  Code  Gb  tim.o [2]
HAL_TIM_OC_ConfigChannel
                         0x800'3d03   0x68  Code  Gb  stm32f1xx_hal_tim.o [7]
HAL_TIM_OC_DelayElapsedCallback
                         0x800'556b    0x2  Code  Gb  stm32f1xx_hal_tim.o [7]
HAL_TIM_OC_Init          0x800'39d7   0x6e  Code  Gb  stm32f1xx_hal_tim.o [7]
HAL_TIM_OC_MspInit       0x800'5565    0x2  Code  Gb  stm32f1xx_hal_tim.o [7]
HAL_TIM_PWM_ConfigChannel
                         0x800'3d6b   0xfc  Code  Gb  stm32f1xx_hal_tim.o [7]
HAL_TIM_PWM_Init         0x800'3a45   0x6e  Code  Gb  stm32f1xx_hal_tim.o [7]
HAL_TIM_PWM_MspInit      0x800'5567    0x2  Code  Gb  stm32f1xx_hal_tim.o [7]
HAL_TIM_PWM_PulseFinishedCallback
                         0x800'556d    0x2  Code  Gb  stm32f1xx_hal_tim.o [7]
HAL_TIM_PWM_Start        0x800'3ab3   0xcc  Code  Gb  stm32f1xx_hal_tim.o [7]
HAL_TIM_PeriodElapsedCallback
                         0x800'2b49   0x12  Code  Gb  main.o [2]
HAL_TIM_TriggerCallback
                         0x800'5571    0x2  Code  Gb  stm32f1xx_hal_tim.o [7]
HardFault_Handler        0x800'9787    0x2  Code  Gb  stm32f1xx_it.o [2]
Idle_Stack              0x2000'3074  0x200  Data  Lc  cmsis_os2.o [8]
Idle_TCB                0x2000'3314   0x5c  Data  Lc  cmsis_os2.o [8]
InitSettings             0x800'355d   0x10  Code  Gb  settings.o [2]
IntToUnicode             0x800'9735   0x4e  Code  Lc  usbd_desc.o [4]
KernelState             0x2000'360c    0x4  Data  Lc  cmsis_os2.o [8]
MX_DMA_Init              0x800'35c9   0x30  Code  Gb  dma.o [2]
MX_FREERTOS_Init         0x800'45e5   0x22  Code  Gb  freertos.o [2]
MX_GPIO_Init             0x800'3575   0x54  Code  Gb  gpio.o [2]
MX_TIM3_Init             0x800'35f9   0xb8  Code  Gb  tim.o [2]
MX_TIM4_Init             0x800'36b1   0xd8  Code  Gb  tim.o [2]
MX_USB_DEVICE_Init       0x800'6051   0x54  Code  Gb  usb_device.o [4]
MemManage_Handler        0x800'9789    0x2  Code  Gb  stm32f1xx_it.o [2]
NMI_Handler              0x800'9785    0x2  Code  Gb  stm32f1xx_it.o [2]
NVIC_EncodePriority      0x800'2635   0x42  Code  Lc  stm32f1xx_hal_cortex.o [7]
PCD_EP_ISR_Handler       0x800'0737  0x4ec  Code  Lc  stm32f1xx_hal_pcd.o [7]
PendSV_Handler           0x800'6e91         Code  Gb  portasm.o [8]
RCC_Delay                0x800'4d41   0x26  Code  Lc  stm32f1xx_hal_rcc.o [7]
REQUEST_TYPE             0x800'99a0    0x4  Data  Gb  USBrxtx.o [3]
Region$$Table$$Base      0x800'9864          --   Gb  - Linker created -
Region$$Table$$Limit     0x800'9884          --   Gb  - Linker created -
RunSignal                0x800'4383   0x3e  Code  Gb  signal.o [2]
RxTxUSBTaskHandle       0x2000'3614    0x4  Data  Gb  freertos.o [2]
RxTxUSBTask_attributes   0x800'9840   0x24  Data  Gb  freertos.o [2]
STAND_REQUEST            0x800'87ba    0x1  Data  Gb  USBrxtx.o [3]
SVC_Handler              0x800'6ed7         Code  Gb  portasm.o [8]
SetDefaults              0x800'3511   0x4c  Code  Gb  settings.o [2]
SignalInit               0x800'4357   0x2c  Code  Gb  signal.o [2]
StartDefaultTask         0x800'461d   0x10  Code  Gb  freertos.o [2]
SysTick_Handler          0x800'6521   0x28  Code  Gb  port.o [8]
SystemClock_Config       0x800'2ab1   0x98  Code  Gb  main.o [2]
SystemCoreClock         0x2000'0008    0x4  Data  Gb  system_stm32f1xx.o [6]
SystemInit               0x800'9a45    0x2  Code  Gb  system_stm32f1xx.o [6]
TIM1_UP_IRQHandler       0x800'97a5    0xa  Code  Gb  stm32f1xx_it.o [2]
TIM_Base_SetConfig       0x800'3f5b   0x64  Code  Gb  stm32f1xx_hal_tim.o [7]
TIM_CCxChannelCmd        0x800'41a1   0x24  Code  Gb  stm32f1xx_hal_tim.o [7]
TIM_ETR_SetConfig        0x800'418b   0x16  Code  Gb  stm32f1xx_hal_tim.o [7]
TIM_ITRx_SetConfig       0x800'417b   0x10  Code  Lc  stm32f1xx_hal_tim.o [7]
TIM_OC1_SetConfig        0x800'3fbf   0x5a  Code  Lc  stm32f1xx_hal_tim.o [7]
TIM_OC2_SetConfig        0x800'4019   0x64  Code  Gb  stm32f1xx_hal_tim.o [7]
TIM_OC3_SetConfig        0x800'407d   0x62  Code  Lc  stm32f1xx_hal_tim.o [7]
TIM_OC4_SetConfig        0x800'40df   0x46  Code  Lc  stm32f1xx_hal_tim.o [7]
TIM_TI1_ConfigInputStage
                         0x800'4131   0x24  Code  Lc  stm32f1xx_hal_tim.o [7]
TIM_TI2_ConfigInputStage
                         0x800'4155   0x26  Code  Lc  stm32f1xx_hal_tim.o [7]
Timer_Stack             0x2000'1678  0x400  Data  Lc  cmsis_os2.o [8]
Timer_TCB               0x2000'3370   0x5c  Data  Lc  cmsis_os2.o [8]
USBD_CDC                0x2000'0018   0x38  Data  Gb  usbd_cdc.o [9]
USBD_CDC_CfgFSDesc      0x2000'0094   0x44  Data  Gb  usbd_cdc.o [9]
USBD_CDC_CfgHSDesc      0x2000'0050   0x44  Data  Gb  usbd_cdc.o [9]
USBD_CDC_DataIn          0x800'6c77   0x7e  Code  Lc  usbd_cdc.o [9]
USBD_CDC_DataOut         0x800'6cf5   0x38  Code  Lc  usbd_cdc.o [9]
USBD_CDC_DeInit          0x800'6b25   0x52  Code  Lc  usbd_cdc.o [9]
USBD_CDC_DeviceQualifierDesc
                        0x2000'000c    0xc  Data  Lc  usbd_cdc.o [9]
USBD_CDC_EP0_RxReady     0x800'6d2d   0x36  Code  Lc  usbd_cdc.o [9]
USBD_CDC_GetDeviceQualifierDescriptor
                         0x800'6d81    0xa  Code  Gb  usbd_cdc.o [9]
USBD_CDC_GetFSCfgDesc    0x800'6d63    0xa  Code  Lc  usbd_cdc.o [9]
USBD_CDC_GetHSCfgDesc    0x800'6d6d    0xa  Code  Lc  usbd_cdc.o [9]
USBD_CDC_GetOtherSpeedCfgDesc
                         0x800'6d77    0xa  Code  Lc  usbd_cdc.o [9]
USBD_CDC_Init            0x800'6a5d   0xc8  Code  Lc  usbd_cdc.o [9]
USBD_CDC_OtherSpeedCfgDesc
                        0x2000'00d8   0x44  Data  Gb  usbd_cdc.o [9]
USBD_CDC_ReceivePacket   0x800'6e1b   0x3e  Code  Gb  usbd_cdc.o [9]
USBD_CDC_RegisterInterface
                         0x800'6d9d   0x14  Code  Gb  usbd_cdc.o [9]
USBD_CDC_SetRxBuffer     0x800'6dcb    0xe  Code  Gb  usbd_cdc.o [9]
USBD_CDC_SetTxBuffer     0x800'6db1   0x1a  Code  Gb  usbd_cdc.o [9]
USBD_CDC_Setup           0x800'6b77  0x100  Code  Lc  usbd_cdc.o [9]
USBD_CDC_TransmitPacket
                         0x800'6dd9   0x42  Code  Gb  usbd_cdc.o [9]
USBD_ClrClassConfig      0x800'275f   0x18  Code  Gb  usbd_core.o [9]
USBD_ClrFeature          0x800'3355   0x2e  Code  Lc  usbd_ctlreq.o [9]
USBD_CtlContinueRx       0x800'349b   0x1a  Code  Gb  usbd_ioreq.o [9]
USBD_CtlContinueSendData
                         0x800'3451   0x1a  Code  Gb  usbd_ioreq.o [9]
USBD_CtlError            0x800'33ab   0x18  Code  Gb  usbd_ctlreq.o [9]
USBD_CtlPrepareRx        0x800'346b   0x30  Code  Gb  usbd_ioreq.o [9]
USBD_CtlReceiveStatus    0x800'34cf   0x1a  Code  Gb  usbd_ioreq.o [9]
USBD_CtlSendData         0x800'3425   0x2c  Code  Gb  usbd_ioreq.o [9]
USBD_CtlSendStatus       0x800'34b5   0x1a  Code  Gb  usbd_ioreq.o [9]
USBD_FS_ConfigStrDescriptor
                         0x800'9687   0x28  Code  Gb  usbd_desc.o [4]
USBD_FS_DeviceDesc      0x2000'0148   0x14  Data  Gb  usbd_desc.o [4]
USBD_FS_DeviceDescriptor
                         0x800'9625    0xa  Code  Gb  usbd_desc.o [4]
USBD_FS_InterfaceStrDescriptor
                         0x800'96af   0x28  Code  Gb  usbd_desc.o [4]
USBD_FS_LangIDStrDescriptor
                         0x800'962f    0xa  Code  Gb  usbd_desc.o [4]
USBD_FS_ManufacturerStrDescriptor
                         0x800'9661   0x14  Code  Gb  usbd_desc.o [4]
USBD_FS_ProductStrDescriptor
                         0x800'9639   0x28  Code  Gb  usbd_desc.o [4]
USBD_FS_SerialStrDescriptor
                         0x800'9675   0x12  Code  Gb  usbd_desc.o [4]
USBD_GetConfig           0x800'32a1   0x4e  Code  Lc  usbd_ctlreq.o [9]
USBD_GetDescriptor       0x800'2f4d  0x202  Code  Lc  usbd_ctlreq.o [9]
USBD_GetLen              0x800'3411   0x14  Code  Lc  usbd_ctlreq.o [9]
USBD_GetStatus           0x800'32ef   0x4c  Code  Lc  usbd_ctlreq.o [9]
USBD_GetString           0x800'33c3   0x4e  Code  Gb  usbd_ctlreq.o [9]
USBD_Get_USB_Status      0x800'1511   0x2e  Code  Lc  usbd_conf.o [5]
USBD_Init                0x800'26d1   0x38  Code  Gb  usbd_core.o [9]
USBD_Interface_fops_FS  0x2000'011c   0x10  Data  Gb  usbd_cdc_if.o [4]
USBD_LL_ClearStallEP     0x800'13e7   0x2a  Code  Gb  usbd_conf.o [5]
USBD_LL_CloseEP          0x800'1393   0x2a  Code  Gb  usbd_conf.o [5]
USBD_LL_DataInStage      0x800'288d  0x10c  Code  Gb  usbd_core.o [9]
USBD_LL_DataOutStage     0x800'27df   0xae  Code  Gb  usbd_core.o [9]
USBD_LL_GetRxDataSize    0x800'14dd   0x14  Code  Gb  usbd_conf.o [5]
USBD_LL_Init             0x800'12ad   0x90  Code  Gb  usbd_conf.o [5]
USBD_LL_IsStallEP        0x800'1411   0x36  Code  Gb  usbd_conf.o [5]
USBD_LL_OpenEP           0x800'135b   0x38  Code  Gb  usbd_conf.o [5]
USBD_LL_PrepareReceive   0x800'14a7   0x36  Code  Gb  usbd_conf.o [5]
USBD_LL_Reset            0x800'2999   0x60  Code  Gb  usbd_core.o [9]
USBD_LL_Resume           0x800'2a15   0x16  Code  Gb  usbd_core.o [9]
USBD_LL_SOF              0x800'2a2b   0x24  Code  Gb  usbd_core.o [9]
USBD_LL_SetSpeed         0x800'29f9    0x8  Code  Gb  usbd_core.o [9]
USBD_LL_SetUSBAddress    0x800'1447   0x2a  Code  Gb  usbd_conf.o [5]
USBD_LL_SetupStage       0x800'2777   0x68  Code  Gb  usbd_core.o [9]
USBD_LL_StallEP          0x800'13bd   0x2a  Code  Gb  usbd_conf.o [5]
USBD_LL_Start            0x800'133d   0x1e  Code  Gb  usbd_conf.o [5]
USBD_LL_Suspend          0x800'2a01   0x14  Code  Gb  usbd_core.o [9]
USBD_LL_Transmit         0x800'1471   0x36  Code  Gb  usbd_conf.o [5]
USBD_LangIDDesc         0x2000'015c    0x4  Data  Gb  usbd_desc.o [4]
USBD_ParseSetupRequest   0x800'3383   0x28  Code  Gb  usbd_ctlreq.o [9]
USBD_RegisterClass       0x800'2709   0x16  Code  Gb  usbd_core.o [9]
USBD_RunTestMode         0x800'272d    0x6  Code  Gb  usbd_core.o [9]
USBD_SetAddress          0x800'314f   0x68  Code  Lc  usbd_ctlreq.o [9]
USBD_SetClassConfig      0x800'2733   0x2c  Code  Gb  usbd_core.o [9]
USBD_SetConfig           0x800'31b7   0xe4  Code  Lc  usbd_ctlreq.o [9]
USBD_SetConfig::cfgidx  0x2000'3688    0x1  Data  Lc  usbd_ctlreq.o [9]
USBD_SetFeature          0x800'333b   0x1a  Code  Lc  usbd_ctlreq.o [9]
USBD_Start               0x800'271f    0xe  Code  Gb  usbd_core.o [9]
USBD_StdDevReq           0x800'2bbd   0xa6  Code  Gb  usbd_ctlreq.o [9]
USBD_StdEPReq            0x800'2cd1  0x27c  Code  Gb  usbd_ctlreq.o [9]
USBD_StdItfReq           0x800'2c63   0x6e  Code  Gb  usbd_ctlreq.o [9]
USBD_StrDesc            0x2000'1a78  0x400  Data  Gb  usbd_desc.o [4]
USBD_StringSerial       0x2000'0160   0x1c  Data  Gb  usbd_desc.o [4]
USBD_static_free         0x800'150d    0x2  Code  Gb  usbd_conf.o [5]
USBD_static_malloc       0x800'14f1    0x6  Code  Gb  usbd_conf.o [5]
USBD_static_malloc::mem
                        0x2000'2e54  0x220  Data  Lc  usbd_conf.o [5]
USBTask                  0x800'9361   0xb4  Code  Gb  USBrxtx.o [3]
USB_ActivateEndpoint     0x800'1599  0x392  Code  Gb  stm32f1xx_ll_usb.o [7]
USB_CDC_RxHandler        0x800'9415   0x10  Code  Gb  USBrxtx.o [3]
USB_CoreInit             0x800'153f    0xa  Code  Gb  stm32f1xx_ll_usb.o [7]
USB_DeactivateEndpoint   0x800'192b  0x1ca  Code  Gb  stm32f1xx_ll_usb.o [7]
USB_DevConnect           0x800'23e3    0x6  Code  Gb  stm32f1xx_ll_usb.o [7]
USB_DevDisconnect        0x800'23e9    0x6  Code  Gb  stm32f1xx_ll_usb.o [7]
USB_DevInit              0x800'1577   0x22  Code  Gb  stm32f1xx_ll_usb.o [7]
USB_DisableGlobalInt     0x800'155d   0x14  Code  Gb  stm32f1xx_ll_usb.o [7]
USB_EP0_OutStart         0x800'23f7    0x6  Code  Gb  stm32f1xx_ll_usb.o [7]
USB_EPClearStall         0x800'2329   0xa6  Code  Gb  stm32f1xx_ll_usb.o [7]
USB_EPSetStall           0x800'22df   0x4a  Code  Gb  stm32f1xx_ll_usb.o [7]
USB_EPStartXfer          0x800'1af5  0x7ea  Code  Gb  stm32f1xx_ll_usb.o [7]
USB_EnableGlobalInt      0x800'1549   0x14  Code  Gb  stm32f1xx_ll_usb.o [7]
USB_LP_CAN1_RX0_IRQHandler
                         0x800'979b    0xa  Code  Gb  stm32f1xx_it.o [2]
USB_ReadInterrupts       0x800'23ef    0x8  Code  Gb  stm32f1xx_ll_usb.o [7]
USB_ReadPMA              0x800'244b   0x5e  Code  Gb  stm32f1xx_ll_usb.o [7]
USB_SetCurrentMode       0x800'1571    0x6  Code  Gb  stm32f1xx_ll_usb.o [7]
USB_SetDevAddress        0x800'23cf   0x14  Code  Gb  stm32f1xx_ll_usb.o [7]
USB_WritePMA             0x800'23fd   0x4e  Code  Gb  stm32f1xx_ll_usb.o [7]
UsageFault_Handler       0x800'978d    0x2  Code  Gb  stm32f1xx_it.o [2]
UserRxBufferFS          0x2000'1e78  0x3e8  Data  Gb  usbd_cdc_if.o [4]
UserTxBufferFS          0x2000'2260  0x3e8  Data  Gb  usbd_cdc_if.o [4]
_Encoding_8859_1_Mbrlen
                         0x800'2a61    0x2  Code  Gb  xencoding_8859_1.o [10]
_Encoding_8859_1_Wctomb
                         0x800'2a4f   0x12  Code  Gb  xencoding_8859_1.o [10]
_LitobFull               0x800'84f3  0x10c  Code  Lc  xprintffull.o [10]
_Locale_lconv           0x2000'017c   0x38  Data  Lc  xlocale_c.o [10]
_PrintfFull              0x800'7691  0xc2c  Code  Gb  xprintffull.o [10]
_PutcharsFull            0x800'8655   0x2e  Code  Lc  xprintffull.o [10]
_PutstrFull              0x800'8433   0xc0  Code  Lc  xprintffull.o [10]
_PuttxtFull              0x800'8327  0x10c  Code  Lc  xprintffull.o [10]
_SProut                  0x800'4693    0xa  Code  Gb  xsprout.o [10]
__NVIC_EnableIRQ         0x800'25eb   0x1e  Code  Lc  stm32f1xx_hal_cortex.o [7]
__NVIC_GetPriorityGrouping
                         0x800'25e1    0xa  Code  Lc  stm32f1xx_hal_cortex.o [7]
__NVIC_SetPriority       0x800'2609   0x2c  Code  Lc  stm32f1xx_hal_cortex.o [7]
__NVIC_SetPriorityGrouping
                         0x800'25c5   0x1c  Code  Lc  stm32f1xx_hal_cortex.o [7]
__aeabi_cdcmple          0x800'8885         Code  Gb  DblCmpLe.o [11]
__aeabi_cdrcmple         0x800'88b9         Code  Gb  DblCmpGe.o [11]
__aeabi_d2iz             0x800'8a29         Code  Gb  DblToS32.o [11]
__aeabi_d2uiz            0x800'8f1d         Code  Gb  DblToU32.o [11]
__aeabi_ddiv             0x800'8cd5         Code  Gb  DblDiv.o [11]
__aeabi_dmul             0x800'8f5d         Code  Gb  DblMul.o [11]
__aeabi_dsub             0x800'8bf1         Code  Gb  DblAddSub.o [11]
__aeabi_i2d              0x800'8a61         Code  Gb  S32ToDbl.o [11]
__aeabi_ldiv0            0x800'9349         Code  Gb  I64DivZer.o [12]
__aeabi_memcpy           0x800'24a9         Code  Gb  ABImemcpy.o [12]
__aeabi_memcpy4          0x800'24c9         Code  Gb  ABImemcpy.o [12]
__aeabi_memcpy8          0x800'24c9         Code  Gb  ABImemcpy.o [12]
__aeabi_memset           0x800'462d         Code  Gb  ABImemset.o [12]
__aeabi_ui2d             0x800'8f41         Code  Gb  U32ToDbl.o [11]
__aeabi_uldivmod         0x800'9111         Code  Gb  I64DivMod.o [12]
__cmain                  0x800'98a5         Code  Gb  cmain.o [12]
__exit                   0x800'934d   0x14  Code  Gb  exit.o [13]
__iar_Fail_s             0x800'8745   0x1c  Code  Gb  xfail_s.o [10]
__iar_Mbcurmax           0x800'9107    0xa  Code  Gb  xmbcurmax.o [10]
__iar_Memchr             0x800'87bd         Code  Gb  memchr.o [12]
__iar_Memset             0x800'462d         Code  Gb  ABImemset.o [12]
__iar_Memset_word        0x800'4635         Code  Gb  ABImemset.o [12]
__iar_Strchr             0x800'872d         Code  Gb  strchr.o [12]
__iar_data_init3         0x800'97f5   0x28  Code  Gb  data_init.o [12]
__iar_frexp              0x800'8821         Code  Gb  frexp.o [11]
__iar_frexp64            0x800'8815         Code  Gb  frexp.o [11]
__iar_frexpl             0x800'8821         Code  Gb  frexp.o [11]
__iar_globLocale        0x2000'01b4   0x48  Data  Lc  xlocale_c.o [10]
__iar_global_Locale      0x800'86b1    0x4  Code  Gb  xlocale_c.o [10]
__iar_ldexp64            0x800'88ed         Code  Gb  ldexp.o [11]
__iar_lz77_init_single3
                         0x800'254f   0x76  Code  Gb  lz77_init_single.o [12]
__iar_program_start      0x800'98d9         Code  Gb  cstartup_M.o [12]
__iar_scalbln64          0x800'88ed         Code  Gb  ldexp.o [11]
__iar_scalbn64           0x800'88ed         Code  Gb  ldexp.o [11]
__iar_zero_init3         0x800'97bd   0x38  Code  Gb  zero_init3.o [12]
__low_level_init         0x800'98c3    0x4  Code  Gb  low_level_init.o [10]
__vector_table           0x800'0000         Data  Gb  startup_stm32f103xb.o [1]
_call_main               0x800'98b1         Code  Gb  cmain.o [12]
_exit                    0x800'98cd         Code  Gb  cexit.o [12]
_gLocale_mblen           0x800'8719    0x4  Code  Gb  xlocale_c.o [10]
_gLocale_mblenInt        0x800'86dd   0x2c  Code  Gb  xlocale_c.o [10]
_gLocale_wctomb          0x800'871d    0x4  Code  Gb  xlocale_c.o [10]
_gLocale_wctombInt       0x800'8715    0x4  Code  Gb  xlocale_c.o [10]
abort                    0x800'9341    0x6  Code  Gb  abort.o [10]
buffer                  0x2000'2bfc  0x258  Data  Gb  USBrxtx.o [3]
checkEndpoints           0x800'944f   0x86  Code  Gb  USBrxtx.o [3]
counter                 0x2000'3684    0x2  Data  Gb  signal.o [2]
defaultTaskHandle       0x2000'3610    0x4  Data  Gb  freertos.o [2]
defaultTask_attributes   0x800'981c   0x24  Data  Gb  freertos.o [2]
exit                     0x800'98c7    0x4  Code  Gb  exit.o [10]
frexp                    0x800'8815         Code  Gb  frexp.o [11]
frexpl                   0x800'8815         Code  Gb  frexp.o [11]
getLivedata              0x800'9425   0x20  Code  Gb  USBrxtx.o [3]
hUsbDeviceFS            0x2000'2938  0x2c4  Data  Gb  usb_device.o [4]
hdma_tim3_ch4_up        0x2000'34f4   0x44  Data  Gb  tim.o [2]
hpcd_USB_FS             0x2000'2648  0x2f0  Data  Gb  usbd_conf.o [5]
htim1                   0x2000'341c   0x48  Data  Gb  stm32f1xx_hal_timebase_tim.o [2]
htim3                   0x2000'3464   0x48  Data  Gb  tim.o [2]
htim4                   0x2000'34ac   0x48  Data  Gb  tim.o [2]
initialized             0x2000'3687    0x1  Data  Gb  settings.o [2]
ldexp                    0x800'88ed         Code  Gb  ldexp.o [11]
ldexpl                   0x800'88ed         Code  Gb  ldexp.o [11]
localeconv               0x800'8721    0x4  Code  Gb  xlocale_c.o [10]
main                     0x800'2a6d   0x44  Code  Gb  main.o [2]
memchr                   0x800'87bd         Code  Gb  memchr.o [12]
memset                   0x800'4fe1   0x14  Code  Gb  memset.o [12]
osDelay                  0x800'4571   0x3c  Code  Gb  cmsis_os2.o [8]
osKernelInitialize       0x800'43dd   0x44  Code  Gb  cmsis_os2.o [8]
osKernelStart            0x800'4421   0x4a  Code  Gb  cmsis_os2.o [8]
osThreadNew              0x800'446b  0x106  Code  Gb  cmsis_os2.o [8]
pcInterruptPriorityRegisters
                         0x800'999c    0x4  Data  Lc  port.o [8]
prvAddCurrentTaskToDelayedList
                         0x800'5fb5   0x66  Code  Lc  tasks.o [8]
prvAddNewTaskToReadyList
                         0x800'575f   0xc2  Code  Lc  tasks.o [8]
prvCheckForValidListAndQueue
                         0x800'69d9   0x52  Code  Lc  timers.o [8]
prvCheckForValidListAndQueue{1}{2}{3}{4}::ucStaticTimerQueueStorage
                        0x2000'3274   0xa0  Data  Lc  timers.o [8]
prvCheckForValidListAndQueue{1}{2}{3}{4}::xStaticTimerQueue
                        0x2000'33cc   0x50  Data  Lc  timers.o [8]
prvCheckTasksWaitingTermination
                         0x800'5e17   0x4a  Code  Lc  tasks.o [8]
prvCopyDataFromQueue     0x800'7539   0x36  Code  Lc  queue.o [8]
prvCopyDataToQueue       0x800'749d   0x9c  Code  Lc  queue.o [8]
prvDeleteTCB             0x800'5e61   0x44  Code  Lc  tasks.o [8]
prvGetNextExpireTime     0x800'679f   0x2e  Code  Lc  timers.o [8]
prvHeapInit              0x800'6245   0x6a  Code  Lc  heap_4.o [8]
prvIdleTask              0x800'5d99   0x26  Code  Lc  tasks.o [8]
prvInitialiseNewQueue    0x800'7071   0x36  Code  Lc  queue.o [8]
prvInitialiseNewTask     0x800'567f   0xe0  Code  Lc  tasks.o [8]
prvInitialiseTaskLists   0x800'5dbf   0x58  Code  Lc  tasks.o [8]
prvInsertBlockIntoFreeList
                         0x800'62af   0x60  Code  Lc  heap_4.o [8]
prvInsertTimerInActiveList
                         0x800'67f9   0x52  Code  Lc  timers.o [8]
prvIsQueueEmpty          0x800'75e1   0x1c  Code  Lc  queue.o [8]
prvIsQueueFull           0x800'75fd   0x1e  Code  Lc  queue.o [8]
prvProcessExpiredTimer   0x800'66b1   0x5c  Code  Lc  timers.o [8]
prvProcessReceivedCommands
                         0x800'684b  0x108  Code  Lc  timers.o [8]
prvProcessTimerOrBlockTask
                         0x800'672b   0x74  Code  Lc  timers.o [8]
prvResetNextTaskUnblockTime
                         0x800'5ea5   0x2a  Code  Lc  tasks.o [8]
prvSampleTimeNow         0x800'67cd   0x2c  Code  Lc  timers.o [8]
prvSampleTimeNow::xLastTime
                        0x2000'367c    0x4  Data  Lc  timers.o [8]
prvSwitchTimerLists      0x800'6953   0x86  Code  Lc  timers.o [8]
prvTaskExitError         0x800'63e9   0x2a  Code  Lc  port.o [8]
prvTimerTask             0x800'6711   0x1a  Code  Lc  timers.o [8]
prvUnlockQueue           0x800'756f   0x72  Code  Lc  queue.o [8]
pvPortMalloc             0x800'60b1  0x11a  Code  Gb  heap_4.o [8]
pxCurrentTCB            0x2000'3630    0x4  Data  Gb  tasks.o [8]
pxCurrentTimerList      0x2000'366c    0x4  Data  Lc  timers.o [8]
pxDelayedTaskList       0x2000'3634    0x4  Data  Lc  tasks.o [8]
pxEnd                   0x2000'3618    0x4  Data  Lc  heap_4.o [8]
pxOverflowDelayedTaskList
                        0x2000'3638    0x4  Data  Lc  tasks.o [8]
pxOverflowTimerList     0x2000'3670    0x4  Data  Lc  timers.o [8]
pxPortInitialiseStack    0x800'63c9   0x20  Code  Gb  port.o [8]
pxReadyTasksLists       0x2000'0e00  0x460  Data  Lc  tasks.o [8]
scalbln                  0x800'88ed         Code  Gb  ldexp.o [11]
scalblnl                 0x800'88ed         Code  Gb  ldexp.o [11]
scalbn                   0x800'88ed         Code  Gb  ldexp.o [11]
scalbnl                  0x800'88ed         Code  Gb  ldexp.o [11]
scale                    0x800'85ff   0x46  Code  Lc  xprintffull.o [10]
sec_hand                0x2000'3680    0x4  Data  Lc  xfail_s.o [10]
setLivedata              0x800'9445    0xa  Code  Gb  USBrxtx.o [3]
settings                0x2000'1260  0x418  Data  Gb  settings.o [2]
sprintf                  0x800'95e5   0x40  Code  Gb  sprintf.o [10]
strchr                   0x800'872d         Code  Gb  strchr.o [12]
strlen                   0x800'8785         Code  Gb  strlen.o [12]
subscribed              0x2000'3689    0x1  Data  Gb  USBrxtx.o [3]
ucHeap                  0x2000'0200  0xc00  Data  Lc  heap_4.o [8]
ucMaxSysCallPriority    0x2000'3686    0x1  Data  Lc  port.o [8]
ulMaxPRIGROUPValue      0x2000'3628    0x4  Data  Lc  port.o [8]
uwTick                  0x2000'362c    0x4  Data  Gb  stm32f1xx_hal.o [7]
uwTickFreq              0x2000'01fc    0x1  Data  Gb  stm32f1xx_hal.o [7]
uwTickPrio              0x2000'0004    0x4  Data  Gb  stm32f1xx_hal.o [7]
uxCriticalNesting       0x2000'0000    0x4  Data  Lc  port.o [8]
uxCurrentNumberOfTasks  0x2000'3640    0x4  Data  Lc  tasks.o [8]
uxDeletedTasksWaitingCleanUp
                        0x2000'363c    0x4  Data  Lc  tasks.o [8]
uxListRemove             0x800'639f   0x28  Code  Gb  list.o [8]
uxPendedTicks           0x2000'3650    0x4  Data  Lc  tasks.o [8]
uxSchedulerSuspended    0x2000'3668    0x4  Data  Lc  tasks.o [8]
uxTaskNumber            0x2000'365c    0x4  Data  Lc  tasks.o [8]
uxTopReadyPriority      0x2000'3648    0x4  Data  Lc  tasks.o [8]
vApplicationGetIdleTaskMemory
                         0x800'45b5    0xe  Code  Gb  cmsis_os2.o [8]
vApplicationGetTimerTaskMemory
                         0x800'45c3   0x10  Code  Gb  cmsis_os2.o [8]
vListInitialise          0x800'632d   0x1e  Code  Gb  list.o [8]
vListInitialiseItem      0x800'634b    0x6  Code  Gb  list.o [8]
vListInsert              0x800'6369   0x36  Code  Gb  list.o [8]
vListInsertEnd           0x800'6351   0x18  Code  Gb  list.o [8]
vPortEnterCritical       0x800'64b5   0x3a  Code  Gb  port.o [8]
vPortExitCritical        0x800'64ef   0x32  Code  Gb  port.o [8]
vPortFree                0x800'61cb   0x7a  Code  Gb  heap_4.o [8]
vPortSetupTimerInterrupt
                         0x800'6e59   0x38  Code  Gb  port.o [8]
vPortStartFirstTask      0x800'6ef7         Code  Gb  portasm.o [8]
vPortValidateInterruptPriority
                         0x800'6549   0x4e  Code  Gb  port.o [8]
vQueueAddToRegistry      0x800'761b   0x26  Code  Gb  queue.o [8]
vQueueWaitForMessageRestricted
                         0x800'7645   0x4c  Code  Gb  queue.o [8]
vTaskDelay               0x800'5821   0x4e  Code  Gb  tasks.o [8]
vTaskInternalSetTimeOutState
                         0x800'5ce1   0x12  Code  Gb  tasks.o [8]
vTaskMissedYield         0x800'5d8d    0xa  Code  Gb  tasks.o [8]
vTaskPlaceOnEventList    0x800'5bc5   0x34  Code  Gb  tasks.o [8]
vTaskPlaceOnEventListRestricted
                         0x800'5c09   0x40  Code  Gb  tasks.o [8]
vTaskStartScheduler      0x800'586f   0x9e  Code  Gb  tasks.o [8]
vTaskSuspendAll          0x800'590d   0x10  Code  Gb  tasks.o [8]
vTaskSwitchContext       0x800'5b49   0x72  Code  Gb  tasks.o [8]
xActiveTimerList1       0x2000'35dc   0x14  Data  Lc  timers.o [8]
xActiveTimerList2       0x2000'35f0   0x14  Data  Lc  timers.o [8]
xBlockAllocatedBit      0x2000'3624    0x4  Data  Lc  heap_4.o [8]
xDelayedTaskList1       0x2000'3578   0x14  Data  Lc  tasks.o [8]
xDelayedTaskList2       0x2000'358c   0x14  Data  Lc  tasks.o [8]
xFreeBytesRemaining     0x2000'361c    0x4  Data  Lc  heap_4.o [8]
xHeapStructSize          0x800'9998    0x4  Data  Lc  heap_4.o [8]
xIdleTaskHandle         0x2000'3664    0x4  Data  Lc  tasks.o [8]
xMinimumEverFreeBytesRemaining
                        0x2000'3620    0x4  Data  Lc  heap_4.o [8]
xNextTaskUnblockTime    0x2000'3660    0x4  Data  Lc  tasks.o [8]
xNumOfOverflows         0x2000'3658    0x4  Data  Lc  tasks.o [8]
xPendingReadyList       0x2000'35a0   0x14  Data  Lc  tasks.o [8]
xPortStartScheduler      0x800'6413   0xa2  Code  Gb  port.o [8]
xQueueGenericCreateStatic
                         0x800'6fb1   0xc0  Code  Gb  queue.o [8]
xQueueGenericReset       0x800'6f19   0x98  Code  Gb  queue.o [8]
xQueueGenericSend        0x800'70a7  0x1a6  Code  Gb  queue.o [8]
xQueueGenericSendFromISR
                         0x800'724d   0xe0  Code  Gb  queue.o [8]
xQueueReceive            0x800'732d  0x16a  Code  Gb  queue.o [8]
xQueueRegistry          0x2000'3538   0x40  Data  Gb  queue.o [8]
xSchedulerRunning       0x2000'364c    0x4  Data  Lc  tasks.o [8]
xStart                  0x2000'3604    0x8  Data  Lc  heap_4.o [8]
xSuspendedTaskList      0x2000'35c8   0x14  Data  Lc  tasks.o [8]
xTaskCheckForTimeOut     0x800'5cfd   0x8e  Code  Gb  tasks.o [8]
xTaskCreate              0x800'560d   0x72  Code  Gb  tasks.o [8]
xTaskCreateStatic        0x800'5575   0x98  Code  Gb  tasks.o [8]
xTaskGetSchedulerState   0x800'5ecf   0x20  Code  Gb  tasks.o [8]
xTaskGetTickCount        0x800'5a1b    0x8  Code  Gb  tasks.o [8]
xTaskIncrementTick       0x800'5a23  0x126  Code  Gb  tasks.o [8]
xTaskPriorityDisinherit
                         0x800'5efd   0x92  Code  Gb  tasks.o [8]
xTaskRemoveFromEventList
                         0x800'5c4b   0x86  Code  Gb  tasks.o [8]
xTaskResumeAll           0x800'591d   0xfe  Code  Gb  tasks.o [8]
xTasksWaitingTermination
                        0x2000'35b4   0x14  Data  Lc  tasks.o [8]
xTickCount              0x2000'3644    0x4  Data  Lc  tasks.o [8]
xTimerCreateTimerTask    0x800'65b9   0x70  Code  Gb  timers.o [8]
xTimerGenericCommand     0x800'6629   0x88  Code  Gb  timers.o [8]
xTimerQueue             0x2000'3674    0x4  Data  Lc  timers.o [8]
xTimerTaskHandle        0x2000'3678    0x4  Data  Lc  timers.o [8]
xYieldPending           0x2000'3654    0x4  Data  Lc  tasks.o [8]


[1] = E:\Sources\GitHub projects\ADC-Stand\stand\MainController\EWARM\MainController\Obj\Application\EWARM
[2] = E:\Sources\GitHub projects\ADC-Stand\stand\MainController\EWARM\MainController\Obj\Application\User\Core
[3] = E:\Sources\GitHub projects\ADC-Stand\stand\MainController\EWARM\MainController\Obj\Application\User\Core\tasks
[4] = E:\Sources\GitHub projects\ADC-Stand\stand\MainController\EWARM\MainController\Obj\Application\User\USB_DEVICE\App
[5] = E:\Sources\GitHub projects\ADC-Stand\stand\MainController\EWARM\MainController\Obj\Application\User\USB_DEVICE\Target
[6] = E:\Sources\GitHub projects\ADC-Stand\stand\MainController\EWARM\MainController\Obj\Drivers\CMSIS
[7] = E:\Sources\GitHub projects\ADC-Stand\stand\MainController\EWARM\MainController\Obj\Drivers\STM32F1xx_HAL_Driver
[8] = E:\Sources\GitHub projects\ADC-Stand\stand\MainController\EWARM\MainController\Obj\Middlewares\FreeRTOS
[9] = E:\Sources\GitHub projects\ADC-Stand\stand\MainController\EWARM\MainController\Obj\Middlewares\USB_Device_Library
[10] = dl7M_tlf.a
[11] = m7M_tl.a
[12] = rt7M_tl.a
[13] = shb_l.a

  39'189 bytes of readonly  code memory
     563 bytes of readonly  data memory
  14'983 bytes of readwrite data memory

Errors: none
Warnings: none
