###############################################################################
#
# IAR ELF Linker V9.20.4.327/W64 for ARM                  24/Jul/2024  22:26:03
# Copyright 2007-2022 IAR Systems AB.
#
#    Output file  =
#        E:\Sources\GitHub
#        projects\ADC-Stand\stand\MainController\MainController\EWARM\MainController\Exe\MainController.out
#    Map file     =
#        E:\Sources\GitHub
#        projects\ADC-Stand\stand\MainController\MainController\EWARM\MainController\List\MainController.map
#    Command line =
#        -f "E:\Sources\GitHub
#        projects\ADC-Stand\stand\MainController\MainController\EWARM\MainController\Exe\MainController.out.rsp"
#        ("E:\Sources\GitHub
#        projects\ADC-Stand\stand\MainController\MainController\EWARM\MainController\Obj\Middlewares\FreeRTOS\cmsis_os2.o"
#        "E:\Sources\GitHub
#        projects\ADC-Stand\stand\MainController\MainController\EWARM\MainController\Obj\Middlewares\FreeRTOS\croutine.o"
#        "E:\Sources\GitHub
#        projects\ADC-Stand\stand\MainController\MainController\EWARM\MainController\Obj\Application\User\Core\dma.o"
#        "E:\Sources\GitHub
#        projects\ADC-Stand\stand\MainController\MainController\EWARM\MainController\Obj\Middlewares\FreeRTOS\event_groups.o"
#        "E:\Sources\GitHub
#        projects\ADC-Stand\stand\MainController\MainController\EWARM\MainController\Obj\Application\User\Core\freertos.o"
#        "E:\Sources\GitHub
#        projects\ADC-Stand\stand\MainController\MainController\EWARM\MainController\Obj\Application\User\Core\gpio.o"
#        "E:\Sources\GitHub
#        projects\ADC-Stand\stand\MainController\MainController\EWARM\MainController\Obj\Middlewares\FreeRTOS\heap_4.o"
#        "E:\Sources\GitHub
#        projects\ADC-Stand\stand\MainController\MainController\EWARM\MainController\Obj\Middlewares\FreeRTOS\list.o"
#        "E:\Sources\GitHub
#        projects\ADC-Stand\stand\MainController\MainController\EWARM\MainController\Obj\Application\User\Core\main.o"
#        "E:\Sources\GitHub
#        projects\ADC-Stand\stand\MainController\MainController\EWARM\MainController\Obj\Middlewares\FreeRTOS\port.o"
#        "E:\Sources\GitHub
#        projects\ADC-Stand\stand\MainController\MainController\EWARM\MainController\Obj\Middlewares\FreeRTOS\portasm.o"
#        "E:\Sources\GitHub
#        projects\ADC-Stand\stand\MainController\MainController\EWARM\MainController\Obj\Middlewares\FreeRTOS\queue.o"
#        "E:\Sources\GitHub
#        projects\ADC-Stand\stand\MainController\MainController\EWARM\MainController\Obj\Application\User\Core\settings.o"
#        "E:\Sources\GitHub
#        projects\ADC-Stand\stand\MainController\MainController\EWARM\MainController\Obj\Application\User\Core\signal.o"
#        "E:\Sources\GitHub
#        projects\ADC-Stand\stand\MainController\MainController\EWARM\MainController\Obj\Application\EWARM\startup_stm32f103xb.o"
#        "E:\Sources\GitHub
#        projects\ADC-Stand\stand\MainController\MainController\EWARM\MainController\Obj\Drivers\STM32F1xx_HAL_Driver\stm32f1xx_hal.o"
#        "E:\Sources\GitHub
#        projects\ADC-Stand\stand\MainController\MainController\EWARM\MainController\Obj\Drivers\STM32F1xx_HAL_Driver\stm32f1xx_hal_cortex.o"
#        "E:\Sources\GitHub
#        projects\ADC-Stand\stand\MainController\MainController\EWARM\MainController\Obj\Drivers\STM32F1xx_HAL_Driver\stm32f1xx_hal_dma.o"
#        "E:\Sources\GitHub
#        projects\ADC-Stand\stand\MainController\MainController\EWARM\MainController\Obj\Drivers\STM32F1xx_HAL_Driver\stm32f1xx_hal_exti.o"
#        "E:\Sources\GitHub
#        projects\ADC-Stand\stand\MainController\MainController\EWARM\MainController\Obj\Drivers\STM32F1xx_HAL_Driver\stm32f1xx_hal_flash.o"
#        "E:\Sources\GitHub
#        projects\ADC-Stand\stand\MainController\MainController\EWARM\MainController\Obj\Drivers\STM32F1xx_HAL_Driver\stm32f1xx_hal_flash_ex.o"
#        "E:\Sources\GitHub
#        projects\ADC-Stand\stand\MainController\MainController\EWARM\MainController\Obj\Drivers\STM32F1xx_HAL_Driver\stm32f1xx_hal_gpio.o"
#        "E:\Sources\GitHub
#        projects\ADC-Stand\stand\MainController\MainController\EWARM\MainController\Obj\Drivers\STM32F1xx_HAL_Driver\stm32f1xx_hal_gpio_ex.o"
#        "E:\Sources\GitHub
#        projects\ADC-Stand\stand\MainController\MainController\EWARM\MainController\Obj\Application\User\Core\stm32f1xx_hal_msp.o"
#        "E:\Sources\GitHub
#        projects\ADC-Stand\stand\MainController\MainController\EWARM\MainController\Obj\Drivers\STM32F1xx_HAL_Driver\stm32f1xx_hal_pcd.o"
#        "E:\Sources\GitHub
#        projects\ADC-Stand\stand\MainController\MainController\EWARM\MainController\Obj\Drivers\STM32F1xx_HAL_Driver\stm32f1xx_hal_pcd_ex.o"
#        "E:\Sources\GitHub
#        projects\ADC-Stand\stand\MainController\MainController\EWARM\MainController\Obj\Drivers\STM32F1xx_HAL_Driver\stm32f1xx_hal_pwr.o"
#        "E:\Sources\GitHub
#        projects\ADC-Stand\stand\MainController\MainController\EWARM\MainController\Obj\Drivers\STM32F1xx_HAL_Driver\stm32f1xx_hal_rcc.o"
#        "E:\Sources\GitHub
#        projects\ADC-Stand\stand\MainController\MainController\EWARM\MainController\Obj\Drivers\STM32F1xx_HAL_Driver\stm32f1xx_hal_rcc_ex.o"
#        "E:\Sources\GitHub
#        projects\ADC-Stand\stand\MainController\MainController\EWARM\MainController\Obj\Drivers\STM32F1xx_HAL_Driver\stm32f1xx_hal_tim.o"
#        "E:\Sources\GitHub
#        projects\ADC-Stand\stand\MainController\MainController\EWARM\MainController\Obj\Drivers\STM32F1xx_HAL_Driver\stm32f1xx_hal_tim_ex.o"
#        "E:\Sources\GitHub
#        projects\ADC-Stand\stand\MainController\MainController\EWARM\MainController\Obj\Application\User\Core\stm32f1xx_it.o"
#        "E:\Sources\GitHub
#        projects\ADC-Stand\stand\MainController\MainController\EWARM\MainController\Obj\Drivers\STM32F1xx_HAL_Driver\stm32f1xx_ll_usb.o"
#        "E:\Sources\GitHub
#        projects\ADC-Stand\stand\MainController\MainController\EWARM\MainController\Obj\Middlewares\FreeRTOS\stream_buffer.o"
#        "E:\Sources\GitHub
#        projects\ADC-Stand\stand\MainController\MainController\EWARM\MainController\Obj\Drivers\CMSIS\system_stm32f1xx.o"
#        "E:\Sources\GitHub
#        projects\ADC-Stand\stand\MainController\MainController\EWARM\MainController\Obj\Middlewares\FreeRTOS\tasks.o"
#        "E:\Sources\GitHub
#        projects\ADC-Stand\stand\MainController\MainController\EWARM\MainController\Obj\Application\User\Core\tim.o"
#        "E:\Sources\GitHub
#        projects\ADC-Stand\stand\MainController\MainController\EWARM\MainController\Obj\Middlewares\FreeRTOS\timers.o"
#        "E:\Sources\GitHub
#        projects\ADC-Stand\stand\MainController\MainController\EWARM\MainController\Obj\Application\User\USB_DEVICE\App\usb_device.o"
#        "E:\Sources\GitHub
#        projects\ADC-Stand\stand\MainController\MainController\EWARM\MainController\Obj\Middlewares\USB_Device_Library\usbd_cdc.o"
#        "E:\Sources\GitHub
#        projects\ADC-Stand\stand\MainController\MainController\EWARM\MainController\Obj\Application\User\USB_DEVICE\App\usbd_cdc_if.o"
#        "E:\Sources\GitHub
#        projects\ADC-Stand\stand\MainController\MainController\EWARM\MainController\Obj\Application\User\USB_DEVICE\Target\usbd_conf.o"
#        "E:\Sources\GitHub
#        projects\ADC-Stand\stand\MainController\MainController\EWARM\MainController\Obj\Middlewares\USB_Device_Library\usbd_core.o"
#        "E:\Sources\GitHub
#        projects\ADC-Stand\stand\MainController\MainController\EWARM\MainController\Obj\Middlewares\USB_Device_Library\usbd_ctlreq.o"
#        "E:\Sources\GitHub
#        projects\ADC-Stand\stand\MainController\MainController\EWARM\MainController\Obj\Application\User\USB_DEVICE\App\usbd_desc.o"
#        "E:\Sources\GitHub
#        projects\ADC-Stand\stand\MainController\MainController\EWARM\MainController\Obj\Middlewares\USB_Device_Library\usbd_ioreq.o"
#        "E:\Sources\GitHub
#        projects\ADC-Stand\stand\MainController\MainController\EWARM\MainController\Obj\Application\User\Core\tasks\USBrxtx.o"
#        --no_out_extension -o "E:\Sources\GitHub
#        projects\ADC-Stand\stand\MainController\MainController\EWARM\MainController\Exe\MainController.out"
#        --redirect _Printf=_PrintfFullNoMb --redirect _Scanf=_ScanfFullNoMb
#        --map "E:\Sources\GitHub
#        projects\ADC-Stand\stand\MainController\MainController\EWARM\MainController\List\MainController.map"
#        --config "E:\Sources\GitHub
#        projects\ADC-Stand\stand\MainController\MainController\EWARM/stm32f103xb_flash.icf"
#        --semihosting --entry __iar_program_start
#        E:\apps\arm\CMSIS\Lib\IAR\iar_cortexM3l_math.a --vfe --text_out
#        locale)
#
###############################################################################

*******************************************************************************
*** MESSAGES
***

Error[Li016]: size limit exceeded. The application needs 0x8770 (34'672) bytes,
          which is greater than the limit of 0x8000 (32'768) bytes.
            The limit is due to license "ARM.EW.LINKER" from "cmsis_os2.o" (and
                      44 other modules).


*******************************************************************************
*** RUNTIME MODEL ATTRIBUTES
***

CppFlavor       = *
__CPP_Runtime   = 1
__SystemLibrary = DLib
__dlib_version  = 6


*******************************************************************************
*** HEAP SELECTION
***

The basic heap was selected because some modules are built with
size limitations (and not runtime checking), and --advanced_heap
was not specified.


*******************************************************************************
*** PLACEMENT SUMMARY
***

"A0":  place at address 0x800'0000 { ro section .intvec };
"P1":  place in [from 0x800'0000 to 0x801'ffff] { ro };
define block CSTACK with size = 1K, alignment = 8 { };
define block HEAP with size = 512, alignment = 8 { };
"P2":  place in [from 0x2000'0000 to 0x2000'4fff] {
          rw, block CSTACK, block HEAP };
initialize by copy { rw };

  Section            Kind         Address    Size  Object
  -------            ----         -------    ----  ------
"A0":                                        0xec
  .intvec            ro code   0x800'0000    0xec  startup_stm32f103xb.o [1]
                             - 0x800'00ec    0xec

"P1":                                      0x88b6
  .text              ro code   0x800'00ec   0xfde  stm32f1xx_hal_pcd.o [7]
  .text              ro code   0x800'10ca     0xa  xsprout.o [10]
  .text              ro code   0x800'10d4   0x2be  usbd_conf.o [5]
  .text              ro code   0x800'1392   0xe4e  stm32f1xx_ll_usb.o [7]
  .text              ro code   0x800'21e0    0xa6  ABImemcpy.o [12]
  .rodata            const     0x800'2286     0x2  stm32f1xx_hal_rcc.o [7]
  .text              ro code   0x800'2288   0x12c  stm32f1xx_hal_cortex.o [7]
  .text              ro code   0x800'23b4   0x33e  usbd_core.o [9]
  .text              ro code   0x800'26f2    0xc4  main.o [2]
  .text              ro code   0x800'27b6    0x44  stm32f1xx_hal_pcd_ex.o [7]
  .rodata            const     0x800'27fa     0x2  xlocale_c.o [10]
  .text              ro code   0x800'27fc   0x7b8  usbd_ctlreq.o [9]
  .text              ro code   0x800'2fb4    0x9c  usbd_ioreq.o [9]
  .text              ro code   0x800'3050    0x24  stm32f1xx_hal.o [7]
  .text              ro code   0x800'3074    0x60  settings.o [2]
  .text              ro code   0x800'30d4    0x44  gpio.o [2]
  .text              ro code   0x800'3118    0x2c  dma.o [2]
  .text              ro code   0x800'3144   0x264  tim.o [2]
  .text              ro code   0x800'33a8   0x1d4  cmsis_os2.o [8]
  .text              ro code   0x800'357c    0x46  freertos.o [2]
  .rodata            const     0x800'35c2     0x1  USBrxtx.o [3]
  .rodata            const     0x800'35c3     0x1  USBrxtx.o [3]
  .text              ro code   0x800'35c4    0x66  ABImemset.o [12]
  .rodata            const     0x800'362a     0x1  xlocale_c.o [10]
  .text              ro code   0x800'362c   0x5cc  stm32f1xx_hal_rcc.o [7]
  .text              ro code   0x800'3bf8   0x104  stm32f1xx_hal_rcc_ex.o [7]
  .text              ro code   0x800'3cfc    0x4c  stm32f1xx_hal.o [7]
  .text              ro code   0x800'3d48    0x54  stm32f1xx_hal_msp.o [2]
  .text              ro code   0x800'3d9c    0x14  memset.o [12]
  .text              ro code   0x800'3db0   0x5c8  stm32f1xx_hal_tim.o [7]
  .text              ro code   0x800'4378    0x78  stm32f1xx_hal_tim_ex.o [7]
  .text              ro code   0x800'43f0   0x1ec  stm32f1xx_hal_dma.o [7]
  .text              ro code   0x800'45dc   0x1f0  stm32f1xx_hal_gpio.o [7]
  .text              ro code   0x800'47cc   0x9bc  tasks.o [8]
  .text              ro code   0x800'5188    0x58  usb_device.o [4]
  .text              ro code   0x800'51e0     0xc  stm32f1xx_hal.o [7]
  .text              ro code   0x800'51ec     0x2  stm32f1xx_hal_tim.o [7]
  .text              ro code   0x800'51ee     0x2  stm32f1xx_hal_tim.o [7]
  .text              ro code   0x800'51f0   0x260  heap_4.o [8]
  .text              ro code   0x800'5450    0x98  list.o [8]
  .text              ro code   0x800'54e8   0x1cc  port.o [8]
  .text              ro code   0x800'56b4   0x434  timers.o [8]
  .text              ro code   0x800'5ae8   0x3ba  usbd_cdc.o [9]
  .text              ro code   0x800'5ea4    0x34  port.o [8]
  CODE               ro code   0x800'5ed8    0x88  portasm.o [8]
  .text              ro code   0x800'5f60   0x6fa  queue.o [8]
  .text              ro code   0x800'665c   0xf2e  xprintffull_nomb.o [10]
  .text              ro code   0x800'758c    0x16  strchr.o [12]
  .text              ro code   0x800'75a4    0x40  xfail_s.o [10]
  .text              ro code   0x800'75e4    0x36  strlen.o [12]
  .text              ro code   0x800'761c    0x58  memchr.o [12]
  .text              ro code   0x800'7674    0x70  frexp.o [11]
  .text              ro code   0x800'76e4    0x34  DblCmpLe.o [11]
  .text              ro code   0x800'7718    0x34  DblCmpGe.o [11]
  .text              ro code   0x800'774c   0x13a  ldexp.o [11]
  .text              ro code   0x800'7888    0x36  DblToS32.o [11]
  .text              ro code   0x800'78c0    0x22  S32ToDbl.o [11]
  .text              ro code   0x800'78e4   0x24e  DblAddSub.o [11]
  .text              ro code   0x800'7b34   0x246  DblDiv.o [11]
  .text              ro code   0x800'7d7c    0x22  DblToU32.o [11]
  .text              ro code   0x800'7da0    0x1c  U32ToDbl.o [11]
  .text              ro code   0x800'7dbc   0x1aa  DblMul.o [11]
  .text              ro code   0x800'7f68     0x8  xlocale_c.o [10]
  .text              ro code   0x800'7f70   0x230  I64DivMod.o [12]
  .text              ro code   0x800'81a0     0x6  abort.o [10]
  .text              ro code   0x800'81a8     0x2  I64DivZer.o [12]
  .text              ro code   0x800'81ac    0x14  exit.o [13]
  .text              ro code   0x800'81c0   0x170  USBrxtx.o [3]
  .text              ro code   0x800'8330    0x40  sprintf.o [10]
  .text              ro code   0x800'8370    0xc0  usbd_cdc_if.o [4]
  .text              ro code   0x800'8430   0x136  usbd_desc.o [4]
  .text              ro code   0x800'8566    0x78  lz77_init_single.o [12]
  .text              ro code   0x800'85e0    0x3c  stm32f1xx_it.o [2]
  .text              ro code   0x800'861c    0x18  stm32f1xx_hal.o [7]
  .text              ro code   0x800'8634    0x38  zero_init3.o [12]
  .text              ro code   0x800'866c    0x28  data_init.o [12]
  .rodata            const     0x800'8694    0x24  freertos.o [2]
  .rodata            const     0x800'86b8    0x24  freertos.o [2]
  .iar.init_table    const     0x800'86dc    0x20  - Linker created -
  .rodata            const     0x800'86fc    0x20  USBrxtx.o [3]
  .text              ro code   0x800'871c    0x1e  cmain.o [12]
  .text              ro code   0x800'873a     0x4  low_level_init.o [10]
  .text              ro code   0x800'873e     0x4  exit.o [10]
  .text              ro code   0x800'8744     0xa  cexit.o [12]
  .text              ro code   0x800'8750    0x1c  cstartup_M.o [12]
  .rodata            const     0x800'876c    0x10  stm32f1xx_hal_rcc.o [7]
  .rodata            const     0x800'877c    0x10  system_stm32f1xx.o [6]
  .rodata            const     0x800'878c    0x10  usbd_desc.o [4]
  .text              ro code   0x800'879c    0x10  startup_stm32f103xb.o [1]
  .rodata            const     0x800'87ac     0xc  freertos.o [2]
  .rodata            const     0x800'87b8     0xc  freertos.o [2]
  .rodata            const     0x800'87c4     0xc  usbd_desc.o [4]
  .rodata            const     0x800'87d0     0xc  usbd_desc.o [4]
  .rodata            const     0x800'87dc     0xc  USBrxtx.o [3]
  .rodata            const     0x800'87e8     0x8  tasks.o [8]
  .rodata            const     0x800'87f0     0x8  timers.o [8]
  .rodata            const     0x800'87f8     0x8  timers.o [8]
  .rodata            const     0x800'8800     0x8  usbd_desc.o [4]
  .rodata            const     0x800'8808     0x4  heap_4.o [8]
  .rodata            const     0x800'880c     0x4  port.o [8]
  .rodata            const     0x800'8810     0x4  USBrxtx.o [3]
  .text              ro code   0x800'8814     0x4  startup_stm32f103xb.o [1]
  .text              ro code   0x800'8818     0x4  startup_stm32f103xb.o [1]
  .text              ro code   0x800'881c     0x4  startup_stm32f103xb.o [1]
  .text              ro code   0x800'8820     0x4  startup_stm32f103xb.o [1]
  .text              ro code   0x800'8824     0x4  startup_stm32f103xb.o [1]
  .text              ro code   0x800'8828     0x4  startup_stm32f103xb.o [1]
  .text              ro code   0x800'882c     0x4  startup_stm32f103xb.o [1]
  .text              ro code   0x800'8830     0x4  startup_stm32f103xb.o [1]
  .text              ro code   0x800'8834     0x4  startup_stm32f103xb.o [1]
  .text              ro code   0x800'8838     0x4  startup_stm32f103xb.o [1]
  .text              ro code   0x800'883c     0x4  startup_stm32f103xb.o [1]
  .text              ro code   0x800'8840     0x4  startup_stm32f103xb.o [1]
  .text              ro code   0x800'8844     0x4  startup_stm32f103xb.o [1]
  .text              ro code   0x800'8848     0x4  startup_stm32f103xb.o [1]
  .text              ro code   0x800'884c     0x4  startup_stm32f103xb.o [1]
  .text              ro code   0x800'8850     0x4  startup_stm32f103xb.o [1]
  .text              ro code   0x800'8854     0x4  startup_stm32f103xb.o [1]
  .text              ro code   0x800'8858     0x4  startup_stm32f103xb.o [1]
  .text              ro code   0x800'885c     0x4  startup_stm32f103xb.o [1]
  .text              ro code   0x800'8860     0x4  startup_stm32f103xb.o [1]
  .text              ro code   0x800'8864     0x4  startup_stm32f103xb.o [1]
  .text              ro code   0x800'8868     0x4  startup_stm32f103xb.o [1]
  .text              ro code   0x800'886c     0x4  startup_stm32f103xb.o [1]
  .text              ro code   0x800'8870     0x4  startup_stm32f103xb.o [1]
  .text              ro code   0x800'8874     0x4  startup_stm32f103xb.o [1]
  .text              ro code   0x800'8878     0x4  startup_stm32f103xb.o [1]
  .text              ro code   0x800'887c     0x4  startup_stm32f103xb.o [1]
  .text              ro code   0x800'8880     0x4  startup_stm32f103xb.o [1]
  .text              ro code   0x800'8884     0x4  startup_stm32f103xb.o [1]
  .text              ro code   0x800'8888     0x4  startup_stm32f103xb.o [1]
  .text              ro code   0x800'888c     0x4  startup_stm32f103xb.o [1]
  .text              ro code   0x800'8890     0x4  startup_stm32f103xb.o [1]
  .text              ro code   0x800'8894     0x4  startup_stm32f103xb.o [1]
  .text              ro code   0x800'8898     0x4  startup_stm32f103xb.o [1]
  .text              ro code   0x800'889c     0x4  startup_stm32f103xb.o [1]
  .text              ro code   0x800'88a0     0x4  startup_stm32f103xb.o [1]
  .text              ro code   0x800'88a4     0x4  startup_stm32f103xb.o [1]
  .text              ro code   0x800'88a8     0x4  startup_stm32f103xb.o [1]
  .text              ro code   0x800'88ac     0x4  startup_stm32f103xb.o [1]
  .text              ro code   0x800'88b0     0x4  startup_stm32f103xb.o [1]
  .text              ro code   0x800'88b4     0x4  startup_stm32f103xb.o [1]
  .text              ro code   0x800'88b8     0x2  system_stm32f1xx.o [6]
  .rodata            const     0x800'88ba     0x0  zero_init3.o [12]
  .rodata            const     0x800'88ba     0x0  lz77_init_single.o [12]
  Initializer bytes  const     0x800'88ba    0xe8  <for P2-1>
                             - 0x800'89a2  0x88b6

"P2", part 1 of 3:                          0x1b5
  P2-1                        0x2000'0000   0x1b5  <Init block>
    .data            inited   0x2000'0000     0x4  port.o [8]
    .data            inited   0x2000'0004     0x4  stm32f1xx_hal.o [7]
    .data            inited   0x2000'0008     0x4  system_stm32f1xx.o [6]
    .data            inited   0x2000'000c     0xc  usbd_cdc.o [9]
    .data            inited   0x2000'0018    0x38  usbd_cdc.o [9]
    .data            inited   0x2000'0050    0x44  usbd_cdc.o [9]
    .data            inited   0x2000'0094    0x44  usbd_cdc.o [9]
    .data            inited   0x2000'00d8    0x44  usbd_cdc.o [9]
    .data            inited   0x2000'011c    0x10  usbd_cdc_if.o [4]
    .data            inited   0x2000'012c    0x1c  usbd_desc.o [4]
    .data            inited   0x2000'0148    0x14  usbd_desc.o [4]
    .data            inited   0x2000'015c     0x4  usbd_desc.o [4]
    .data            inited   0x2000'0160    0x1c  usbd_desc.o [4]
    .data            inited   0x2000'017c    0x38  xlocale_c.o [10]
    .data            inited   0x2000'01b4     0x1  stm32f1xx_hal.o [7]
                            - 0x2000'01b5   0x1b5

"P2", part 2 of 3:                         0x3248
  .bss               zero     0x2000'01b8   0xc00  heap_4.o [8]
  .bss               zero     0x2000'0db8   0x460  tasks.o [8]
  .bss               zero     0x2000'1218   0x420  settings.o [2]
  .bss               zero     0x2000'1638   0x400  cmsis_os2.o [8]
  .bss               zero     0x2000'1a38   0x3e8  usbd_cdc_if.o [4]
  .bss               zero     0x2000'1e20   0x3e8  usbd_cdc_if.o [4]
  .bss               zero     0x2000'2208   0x2f0  usbd_conf.o [5]
  .bss               zero     0x2000'24f8   0x2c4  usb_device.o [4]
  .bss               zero     0x2000'27bc   0x258  USBrxtx.o [3]
  .bss               zero     0x2000'2a14   0x220  usbd_conf.o [5]
  .bss               zero     0x2000'2c34   0x200  cmsis_os2.o [8]
  .bss               zero     0x2000'2e34   0x200  usbd_desc.o [4]
  .bss               zero     0x2000'3034    0xa0  timers.o [8]
  .bss               zero     0x2000'30d4    0x5c  cmsis_os2.o [8]
  .bss               zero     0x2000'3130    0x5c  cmsis_os2.o [8]
  .bss               zero     0x2000'318c    0x50  timers.o [8]
  .bss               zero     0x2000'31dc    0x48  tim.o [2]
  .bss               zero     0x2000'3224    0x48  tim.o [2]
  .bss               zero     0x2000'326c    0x44  tim.o [2]
  .bss               zero     0x2000'32b0    0x40  queue.o [8]
  .bss               zero     0x2000'32f0    0x14  tasks.o [8]
  .bss               zero     0x2000'3304    0x14  tasks.o [8]
  .bss               zero     0x2000'3318    0x14  tasks.o [8]
  .bss               zero     0x2000'332c    0x14  tasks.o [8]
  .bss               zero     0x2000'3340    0x14  tasks.o [8]
  .bss               zero     0x2000'3354    0x14  timers.o [8]
  .bss               zero     0x2000'3368    0x14  timers.o [8]
  .bss               zero     0x2000'337c     0x8  heap_4.o [8]
  .bss               zero     0x2000'3384     0x4  cmsis_os2.o [8]
  .bss               zero     0x2000'3388     0x4  freertos.o [2]
  .bss               zero     0x2000'338c     0x4  freertos.o [2]
  .bss               zero     0x2000'3390     0x4  heap_4.o [8]
  .bss               zero     0x2000'3394     0x4  heap_4.o [8]
  .bss               zero     0x2000'3398     0x4  heap_4.o [8]
  .bss               zero     0x2000'339c     0x4  heap_4.o [8]
  .bss               zero     0x2000'33a0     0x4  port.o [8]
  .bss               zero     0x2000'33a4     0x4  stm32f1xx_hal.o [7]
  .bss               zero     0x2000'33a8     0x4  tasks.o [8]
  .bss               zero     0x2000'33ac     0x4  tasks.o [8]
  .bss               zero     0x2000'33b0     0x4  tasks.o [8]
  .bss               zero     0x2000'33b4     0x4  tasks.o [8]
  .bss               zero     0x2000'33b8     0x4  tasks.o [8]
  .bss               zero     0x2000'33bc     0x4  tasks.o [8]
  .bss               zero     0x2000'33c0     0x4  tasks.o [8]
  .bss               zero     0x2000'33c4     0x4  tasks.o [8]
  .bss               zero     0x2000'33c8     0x4  tasks.o [8]
  .bss               zero     0x2000'33cc     0x4  tasks.o [8]
  .bss               zero     0x2000'33d0     0x4  tasks.o [8]
  .bss               zero     0x2000'33d4     0x4  tasks.o [8]
  .bss               zero     0x2000'33d8     0x4  tasks.o [8]
  .bss               zero     0x2000'33dc     0x4  tasks.o [8]
  .bss               zero     0x2000'33e0     0x4  tasks.o [8]
  .bss               zero     0x2000'33e4     0x4  timers.o [8]
  .bss               zero     0x2000'33e8     0x4  timers.o [8]
  .bss               zero     0x2000'33ec     0x4  timers.o [8]
  .bss               zero     0x2000'33f0     0x4  timers.o [8]
  .bss               zero     0x2000'33f4     0x4  timers.o [8]
  .bss               zero     0x2000'33f8     0x4  xfail_s.o [10]
  .bss               zero     0x2000'33fc     0x1  port.o [8]
  .bss               zero     0x2000'33fd     0x1  settings.o [2]
  .bss               zero     0x2000'33fe     0x1  usbd_ctlreq.o [9]
  .bss               zero     0x2000'33ff     0x1  USBrxtx.o [3]
                            - 0x2000'3400  0x3248

"P2", part 3 of 3:                          0x400
  CSTACK                      0x2000'3400   0x400  <Block>
    CSTACK           uninit   0x2000'3400   0x400  <Block tail>
                            - 0x2000'3800   0x400

Unused ranges:

         From           To      Size
         ----           --      ----
   0x800'89a2   0x801'ffff  0x1'765e
  0x2000'01b5  0x2000'01b7       0x3
  0x2000'3800  0x2000'4fff    0x1800


*******************************************************************************
*** INIT TABLE
***

          Address      Size
          -------      ----
Zero (__iar_zero_init3)
    1 destination range, total size 0x3248:
          0x2000'01b8  0x3248

Copy/lz77 (__iar_lz77_init_single3)
    1 source range, total size 0xe8 (53% of destination):
           0x800'88ba    0xe8
    1 destination range, total size 0x1b5:
          0x2000'0000   0x1b5



*******************************************************************************
*** MODULE SUMMARY
***

    Module                  ro code  ro data  rw data
    ------                  -------  -------  -------
command line/config:
    -------------------------------------------------
    Total:

E:\Sources\GitHub projects\ADC-Stand\stand\MainController\MainController\EWARM\MainController\Obj\Application\EWARM: [1]
    startup_stm32f103xb.o       416
    -------------------------------------------------
    Total:                      416

E:\Sources\GitHub projects\ADC-Stand\stand\MainController\MainController\EWARM\MainController\Obj\Application\User\Core: [2]
    dma.o                        44
    freertos.o                   70       96        8
    gpio.o                       68
    main.o                      196
    settings.o                   96             1'057
    stm32f1xx_hal_msp.o          84
    stm32f1xx_it.o               60
    tim.o                       612               212
    -------------------------------------------------
    Total:                    1'230       96    1'277

E:\Sources\GitHub projects\ADC-Stand\stand\MainController\MainController\EWARM\MainController\Obj\Application\User\Core\tasks: [3]
    USBrxtx.o                   368       50      601
    -------------------------------------------------
    Total:                      368       50      601

E:\Sources\GitHub projects\ADC-Stand\stand\MainController\MainController\EWARM\MainController\Obj\Application\User\USB_DEVICE\App: [4]
    usb_device.o                 88               708
    usbd_cdc_if.o               192        9    2'016
    usbd_desc.o                 310       90      592
    -------------------------------------------------
    Total:                      590       99    3'316

E:\Sources\GitHub projects\ADC-Stand\stand\MainController\MainController\EWARM\MainController\Obj\Application\User\USB_DEVICE\Target: [5]
    usbd_conf.o                 702             1'296
    -------------------------------------------------
    Total:                      702             1'296

E:\Sources\GitHub projects\ADC-Stand\stand\MainController\MainController\EWARM\MainController\Obj\Drivers\CMSIS: [6]
    system_stm32f1xx.o            2       18        4
    -------------------------------------------------
    Total:                        2       18        4

E:\Sources\GitHub projects\ADC-Stand\stand\MainController\MainController\EWARM\MainController\Obj\Drivers\STM32F1xx_HAL_Driver: [7]
    stm32f1xx_hal.o             148        2        9
    stm32f1xx_hal_cortex.o      300
    stm32f1xx_hal_dma.o         492
    stm32f1xx_hal_gpio.o        496
    stm32f1xx_hal_pcd.o       4'062
    stm32f1xx_hal_pcd_ex.o       68
    stm32f1xx_hal_rcc.o       1'484       18
    stm32f1xx_hal_rcc_ex.o      260
    stm32f1xx_hal_tim.o       1'484
    stm32f1xx_hal_tim_ex.o      120
    stm32f1xx_ll_usb.o        3'662
    -------------------------------------------------
    Total:                   12'576       20        9

E:\Sources\GitHub projects\ADC-Stand\stand\MainController\MainController\EWARM\MainController\Obj\Middlewares\FreeRTOS: [8]
    cmsis_os2.o                 468             1'724
    heap_4.o                    608        4    3'096
    list.o                      152
    port.o                      512        6        9
    portasm.o                   136
    queue.o                   1'786                64
    tasks.o                   2'492        8    1'280
    timers.o                  1'076       16      300
    -------------------------------------------------
    Total:                    7'230       34    6'473

E:\Sources\GitHub projects\ADC-Stand\stand\MainController\MainController\EWARM\MainController\Obj\Middlewares\USB_Device_Library: [9]
    usbd_cdc.o                  954      144      272
    usbd_core.o                 830
    usbd_ctlreq.o             1'976                 1
    usbd_ioreq.o                156
    -------------------------------------------------
    Total:                    3'916      144      273

dl7M_tlf.a: [10]
    abort.o                       6
    exit.o                        4
    low_level_init.o              4
    sprintf.o                    64
    xfail_s.o                    64                 4
    xlocale_c.o                   8       33       56
    xprintffull_nomb.o        3'886
    xsprout.o                    10
    -------------------------------------------------
    Total:                    4'046       33       60

m7M_tl.a: [11]
    DblAddSub.o                 590
    DblCmpGe.o                   52
    DblCmpLe.o                   52
    DblDiv.o                    582
    DblMul.o                    426
    DblToS32.o                   54
    DblToU32.o                   34
    S32ToDbl.o                   34
    U32ToDbl.o                   28
    frexp.o                     112
    ldexp.o                     314
    -------------------------------------------------
    Total:                    2'278

rt7M_tl.a: [12]
    ABImemcpy.o                 166
    ABImemset.o                 102
    I64DivMod.o                 560
    I64DivZer.o                   2
    cexit.o                      10
    cmain.o                      30
    cstartup_M.o                 28
    data_init.o                  40
    lz77_init_single.o          120
    memchr.o                     88
    memset.o                     20
    strchr.o                     22
    strlen.o                     54
    zero_init3.o                 56
    -------------------------------------------------
    Total:                    1'298

shb_l.a: [13]
    exit.o                       20
    -------------------------------------------------
    Total:                       20

    Gaps                         35
    Linker created                        33    1'024
-----------------------------------------------------
    Grand Total:             34'707      527   14'333


*******************************************************************************
*** ENTRY LIST
***

Entry                       Address   Size  Type      Object
-----                       -------   ----  ----      ------
.iar.init_table$$Base    0x800'86dc          --   Gb  - Linker created -
.iar.init_table$$Limit   0x800'86fc          --   Gb  - Linker created -
?main                    0x800'871d         Code  Gb  cmain.o [12]
AHBPrescTable            0x800'877c   0x10  Data  Gb  system_stm32f1xx.o [6]
BadRquestReport          0x800'82ef   0x20  Code  Gb  USBrxtx.o [3]
BusFault_Handler         0x800'85e7    0x2  Code  Gb  stm32f1xx_it.o [2]
CDC_Control_FS           0x800'838f   0x3e  Code  Lc  usbd_cdc_if.o [4]
CDC_DeInit_FS            0x800'838b    0x4  Code  Lc  usbd_cdc_if.o [4]
CDC_Init_FS              0x800'8371   0x1a  Code  Lc  usbd_cdc_if.o [4]
CDC_Receive_FS           0x800'83cd   0x2c  Code  Lc  usbd_cdc_if.o [4]
CDC_Transmit_FS          0x800'83f9   0x2c  Code  Gb  usbd_cdc_if.o [4]
CSTACK$$Base            0x2000'3400          --   Gb  - Linker created -
CSTACK$$Limit           0x2000'3800          --   Gb  - Linker created -
DATA_TYPE                0x800'35c3    0x1  Data  Gb  USBrxtx.o [3]
DMA1_Channel3_IRQHandler
                         0x800'8601    0xa  Code  Gb  stm32f1xx_it.o [2]
DebugMon_Handler         0x800'85eb    0x2  Code  Gb  stm32f1xx_it.o [2]
Error_Handler            0x800'27b3    0x4  Code  Gb  main.o [2]
FS_Desc                 0x2000'012c   0x1c  Data  Gb  usbd_desc.o [4]
Get_SerialNum            0x800'84c1   0x2c  Code  Lc  usbd_desc.o [4]
HAL_DMA_IRQHandler       0x800'4455  0x162  Code  Gb  stm32f1xx_hal_dma.o [7]
HAL_DMA_Init             0x800'43f1   0x64  Code  Gb  stm32f1xx_hal_dma.o [7]
HAL_GPIO_Init            0x800'45dd  0x1b0  Code  Gb  stm32f1xx_hal_gpio.o [7]
HAL_GetTick              0x800'51e1    0xc  Code  Wk  stm32f1xx_hal.o [7]
HAL_IncTick              0x800'861d   0x18  Code  Wk  stm32f1xx_hal.o [7]
HAL_Init                 0x800'3051   0x20  Code  Gb  stm32f1xx_hal.o [7]
HAL_InitTick             0x800'3cfd   0x4c  Code  Wk  stm32f1xx_hal.o [7]
HAL_MspInit              0x800'3d49   0x54  Code  Gb  stm32f1xx_hal_msp.o [2]
HAL_NVIC_EnableIRQ       0x800'2381    0xa  Code  Gb  stm32f1xx_hal_cortex.o [7]
HAL_NVIC_SetPriority     0x800'235f   0x22  Code  Gb  stm32f1xx_hal_cortex.o [7]
HAL_NVIC_SetPriorityGrouping
                         0x800'2357    0x8  Code  Gb  stm32f1xx_hal_cortex.o [7]
HAL_PCDEx_PMAConfig      0x800'27b7   0x44  Code  Gb  stm32f1xx_hal_pcd_ex.o [7]
HAL_PCDEx_SetConnectionState
                         0x800'1367    0x2  Code  Gb  usbd_conf.o [5]
HAL_PCD_DataInStageCallback
                         0x800'1133   0x1c  Code  Gb  usbd_conf.o [5]
HAL_PCD_DataOutStageCallback
                         0x800'1115   0x1e  Code  Gb  usbd_conf.o [5]
HAL_PCD_EP_Close         0x800'04c5   0x66  Code  Gb  stm32f1xx_hal_pcd.o [7]
HAL_PCD_EP_ClrStall      0x800'0635   0x7c  Code  Gb  stm32f1xx_hal_pcd.o [7]
HAL_PCD_EP_DB_Receive    0x800'0b55  0x13a  Code  Lc  stm32f1xx_hal_pcd.o [7]
HAL_PCD_EP_DB_Transmit   0x800'0c8f  0x43c  Code  Lc  stm32f1xx_hal_pcd.o [7]
HAL_PCD_EP_GetRxCount    0x800'055f   0x12  Code  Gb  stm32f1xx_hal_pcd.o [7]
HAL_PCD_EP_Open          0x800'044b   0x7a  Code  Gb  stm32f1xx_hal_pcd.o [7]
HAL_PCD_EP_Receive       0x800'052b   0x34  Code  Gb  stm32f1xx_hal_pcd.o [7]
HAL_PCD_EP_SetStall      0x800'05ab   0x8a  Code  Gb  stm32f1xx_hal_pcd.o [7]
HAL_PCD_EP_Transmit      0x800'0571   0x3a  Code  Gb  stm32f1xx_hal_pcd.o [7]
HAL_PCD_IRQHandler       0x800'0279  0x1a6  Code  Gb  stm32f1xx_hal_pcd.o [7]
HAL_PCD_Init             0x800'00ed  0x158  Code  Gb  stm32f1xx_hal_pcd.o [7]
HAL_PCD_MspInit          0x800'10d5   0x30  Code  Gb  usbd_conf.o [5]
HAL_PCD_ResetCallback    0x800'115b   0x26  Code  Gb  usbd_conf.o [5]
HAL_PCD_ResumeCallback   0x800'119f    0xc  Code  Gb  usbd_conf.o [5]
HAL_PCD_SOFCallback      0x800'114f    0xc  Code  Gb  usbd_conf.o [5]
HAL_PCD_SetAddress       0x800'041f   0x2c  Code  Gb  stm32f1xx_hal_pcd.o [7]
HAL_PCD_SetupStageCallback
                         0x800'1105   0x10  Code  Gb  usbd_conf.o [5]
HAL_PCD_Start            0x800'0245   0x34  Code  Gb  stm32f1xx_hal_pcd.o [7]
HAL_PCD_SuspendCallback
                         0x800'1181   0x1e  Code  Gb  usbd_conf.o [5]
HAL_RCCEx_PeriphCLKConfig
                         0x800'3bf9   0xee  Code  Gb  stm32f1xx_hal_rcc_ex.o [7]
HAL_RCC_ClockConfig      0x800'39ff  0x146  Code  Gb  stm32f1xx_hal_rcc.o [7]
HAL_RCC_GetSysClockFreq
                         0x800'3b45   0x4a  Code  Gb  stm32f1xx_hal_rcc.o [7]
HAL_RCC_GetSysClockFreq::aPLLMULFactorTable
                         0x800'876c   0x10  Data  Lc  stm32f1xx_hal_rcc.o [7]
HAL_RCC_GetSysClockFreq::aPredivFactorTable
                         0x800'2286    0x2  Data  Lc  stm32f1xx_hal_rcc.o [7]
HAL_RCC_OscConfig        0x800'362d  0x3d2  Code  Gb  stm32f1xx_hal_rcc.o [7]
HAL_SYSTICK_Config       0x800'238b    0x8  Code  Gb  stm32f1xx_hal_cortex.o [7]
HAL_TIMEx_MasterConfigSynchronization
                         0x800'4379   0x6c  Code  Gb  stm32f1xx_hal_tim_ex.o [7]
HAL_TIM_Base_Init        0x800'3db1   0x6e  Code  Gb  stm32f1xx_hal_tim.o [7]
HAL_TIM_Base_MspInit     0x800'32c1   0x7e  Code  Gb  tim.o [2]
HAL_TIM_ConfigClockSource
                         0x800'4049   0xee  Code  Gb  stm32f1xx_hal_tim.o [7]
HAL_TIM_MspPostInit      0x800'333f   0x44  Code  Gb  tim.o [2]
HAL_TIM_OC_ConfigChannel
                         0x800'3efb   0x58  Code  Gb  stm32f1xx_hal_tim.o [7]
HAL_TIM_OC_Init          0x800'3e1f   0x6e  Code  Gb  stm32f1xx_hal_tim.o [7]
HAL_TIM_PWM_ConfigChannel
                         0x800'3f53   0xf6  Code  Gb  stm32f1xx_hal_tim.o [7]
HAL_TIM_PWM_Init         0x800'3e8d   0x6e  Code  Gb  stm32f1xx_hal_tim.o [7]
HardFault_Handler        0x800'85e3    0x2  Code  Gb  stm32f1xx_it.o [2]
Idle_Stack              0x2000'2c34  0x200  Data  Lc  cmsis_os2.o [8]
Idle_TCB                0x2000'30d4   0x5c  Data  Lc  cmsis_os2.o [8]
InitSettings             0x800'30bb   0x10  Code  Gb  settings.o [2]
IntToUnicode             0x800'8519   0x4e  Code  Lc  usbd_desc.o [4]
KernelState             0x2000'3384    0x4  Data  Lc  cmsis_os2.o [8]
MX_DMA_Init              0x800'3119   0x2c  Code  Gb  dma.o [2]
MX_FREERTOS_Init         0x800'357d   0x22  Code  Gb  freertos.o [2]
MX_GPIO_Init             0x800'30d5   0x44  Code  Gb  gpio.o [2]
MX_TIM3_Init             0x800'3145   0xae  Code  Gb  tim.o [2]
MX_TIM4_Init             0x800'31f3   0xce  Code  Gb  tim.o [2]
MX_USB_DEVICE_Init       0x800'5189   0x58  Code  Gb  usb_device.o [4]
MemManage_Handler        0x800'85e5    0x2  Code  Gb  stm32f1xx_it.o [2]
NMI_Handler              0x800'85e1    0x2  Code  Gb  stm32f1xx_it.o [2]
NVIC_EncodePriority      0x800'22ed   0x3c  Code  Lc  stm32f1xx_hal_cortex.o [7]
PCD_EP_ISR_Handler       0x800'06b1  0x4a4  Code  Lc  stm32f1xx_hal_pcd.o [7]
PendSV_Handler           0x800'5ed9         Code  Gb  portasm.o [8]
RCC_Delay                0x800'3b8f   0x24  Code  Lc  stm32f1xx_hal_rcc.o [7]
REQUEST_TYPE             0x800'8810    0x4  Data  Gb  USBrxtx.o [3]
Region$$Table$$Base      0x800'86dc          --   Gb  - Linker created -
Region$$Table$$Limit     0x800'86fc          --   Gb  - Linker created -
RxTxUSBTaskHandle       0x2000'338c    0x4  Data  Gb  freertos.o [2]
RxTxUSBTask_attributes   0x800'86b8   0x24  Data  Gb  freertos.o [2]
STAND_REQUEST            0x800'35c2    0x1  Data  Gb  USBrxtx.o [3]
SVC_Handler              0x800'5f1f         Code  Gb  portasm.o [8]
SetDefaults              0x800'3075   0x46  Code  Gb  settings.o [2]
StartDefaultTask         0x800'35b5    0xe  Code  Gb  freertos.o [2]
SysTick_Config           0x800'2329   0x2e  Code  Lc  stm32f1xx_hal_cortex.o [7]
SysTick_Handler          0x800'85ed   0x14  Code  Gb  stm32f1xx_it.o [2]
SystemClock_Config       0x800'271f   0x94  Code  Gb  main.o [2]
SystemCoreClock         0x2000'0008    0x4  Data  Gb  system_stm32f1xx.o [6]
SystemInit               0x800'88b9    0x2  Code  Gb  system_stm32f1xx.o [6]
TIM_Base_SetConfig       0x800'4137   0x64  Code  Gb  stm32f1xx_hal_tim.o [7]
TIM_ETR_SetConfig        0x800'4363   0x16  Code  Gb  stm32f1xx_hal_tim.o [7]
TIM_ITRx_SetConfig       0x800'4353   0x10  Code  Lc  stm32f1xx_hal_tim.o [7]
TIM_OC1_SetConfig        0x800'419b   0x58  Code  Lc  stm32f1xx_hal_tim.o [7]
TIM_OC2_SetConfig        0x800'41f3   0x62  Code  Gb  stm32f1xx_hal_tim.o [7]
TIM_OC3_SetConfig        0x800'4255   0x60  Code  Lc  stm32f1xx_hal_tim.o [7]
TIM_OC4_SetConfig        0x800'42b5   0x46  Code  Lc  stm32f1xx_hal_tim.o [7]
TIM_TI1_ConfigInputStage
                         0x800'4309   0x24  Code  Lc  stm32f1xx_hal_tim.o [7]
TIM_TI2_ConfigInputStage
                         0x800'432d   0x26  Code  Lc  stm32f1xx_hal_tim.o [7]
Timer_Stack             0x2000'1638  0x400  Data  Lc  cmsis_os2.o [8]
Timer_TCB               0x2000'3130   0x5c  Data  Lc  cmsis_os2.o [8]
USBD_CDC                0x2000'0018   0x38  Data  Gb  usbd_cdc.o [9]
USBD_CDC_CfgFSDesc      0x2000'0094   0x44  Data  Gb  usbd_cdc.o [9]
USBD_CDC_CfgHSDesc      0x2000'0050   0x44  Data  Gb  usbd_cdc.o [9]
USBD_CDC_DataIn          0x800'5cf1   0x70  Code  Lc  usbd_cdc.o [9]
USBD_CDC_DataOut         0x800'5d61   0x34  Code  Lc  usbd_cdc.o [9]
USBD_CDC_DeInit          0x800'5bab   0x50  Code  Lc  usbd_cdc.o [9]
USBD_CDC_DeviceQualifierDesc
                        0x2000'000c    0xc  Data  Lc  usbd_cdc.o [9]
USBD_CDC_EP0_RxReady     0x800'5d95   0x36  Code  Lc  usbd_cdc.o [9]
USBD_CDC_GetDeviceQualifierDescriptor
                         0x800'5de3    0x8  Code  Gb  usbd_cdc.o [9]
USBD_CDC_GetFSCfgDesc    0x800'5dcb    0x8  Code  Lc  usbd_cdc.o [9]
USBD_CDC_GetHSCfgDesc    0x800'5dd3    0x8  Code  Lc  usbd_cdc.o [9]
USBD_CDC_GetOtherSpeedCfgDesc
                         0x800'5ddb    0x8  Code  Lc  usbd_cdc.o [9]
USBD_CDC_Init            0x800'5ae9   0xc2  Code  Lc  usbd_cdc.o [9]
USBD_CDC_OtherSpeedCfgDesc
                        0x2000'00d8   0x44  Data  Gb  usbd_cdc.o [9]
USBD_CDC_ReceivePacket   0x800'5e6b   0x38  Code  Gb  usbd_cdc.o [9]
USBD_CDC_RegisterInterface
                         0x800'5dfd   0x12  Code  Gb  usbd_cdc.o [9]
USBD_CDC_SetRxBuffer     0x800'5e21    0xc  Code  Gb  usbd_cdc.o [9]
USBD_CDC_SetTxBuffer     0x800'5e0f   0x12  Code  Gb  usbd_cdc.o [9]
USBD_CDC_Setup           0x800'5bfb   0xf6  Code  Lc  usbd_cdc.o [9]
USBD_CDC_TransmitPacket
                         0x800'5e2d   0x3e  Code  Gb  usbd_cdc.o [9]
USBD_ClrClassConfig      0x800'2429   0x10  Code  Gb  usbd_core.o [9]
USBD_ClrFeature          0x800'2ef1   0x24  Code  Lc  usbd_ctlreq.o [9]
USBD_CtlContinueRx       0x800'3013   0x12  Code  Gb  usbd_ioreq.o [9]
USBD_CtlContinueSendData
                         0x800'2fd9   0x12  Code  Gb  usbd_ioreq.o [9]
USBD_CtlError            0x800'2f3d   0x16  Code  Gb  usbd_ctlreq.o [9]
USBD_CtlPrepareRx        0x800'2feb   0x28  Code  Gb  usbd_ioreq.o [9]
USBD_CtlReceiveStatus    0x800'303b   0x16  Code  Gb  usbd_ioreq.o [9]
USBD_CtlSendData         0x800'2fb5   0x24  Code  Gb  usbd_ioreq.o [9]
USBD_CtlSendStatus       0x800'3025   0x16  Code  Gb  usbd_ioreq.o [9]
USBD_FS_ConfigStrDescriptor
                         0x800'8481   0x20  Code  Gb  usbd_desc.o [4]
USBD_FS_DeviceDesc      0x2000'0148   0x14  Data  Gb  usbd_desc.o [4]
USBD_FS_DeviceDescriptor
                         0x800'8431    0x8  Code  Gb  usbd_desc.o [4]
USBD_FS_InterfaceStrDescriptor
                         0x800'84a1   0x20  Code  Gb  usbd_desc.o [4]
USBD_FS_LangIDStrDescriptor
                         0x800'8439    0x8  Code  Gb  usbd_desc.o [4]
USBD_FS_ManufacturerStrDescriptor
                         0x800'8461   0x12  Code  Gb  usbd_desc.o [4]
USBD_FS_ProductStrDescriptor
                         0x800'8441   0x20  Code  Gb  usbd_desc.o [4]
USBD_FS_SerialStrDescriptor
                         0x800'8473    0xe  Code  Gb  usbd_desc.o [4]
USBD_GetConfig           0x800'2e61   0x3e  Code  Lc  usbd_ctlreq.o [9]
USBD_GetDescriptor       0x800'2b2f  0x200  Code  Lc  usbd_ctlreq.o [9]
USBD_GetLen              0x800'2fa1   0x14  Code  Lc  usbd_ctlreq.o [9]
USBD_GetStatus           0x800'2e9f   0x3e  Code  Lc  usbd_ctlreq.o [9]
USBD_GetString           0x800'2f53   0x4e  Code  Gb  usbd_ctlreq.o [9]
USBD_Get_USB_Status      0x800'1369   0x2a  Code  Lc  usbd_conf.o [5]
USBD_Init                0x800'23b5   0x30  Code  Gb  usbd_core.o [9]
USBD_Interface_fops_FS  0x2000'011c   0x10  Data  Gb  usbd_cdc_if.o [4]
USBD_LL_ClearStallEP     0x800'129b   0x1a  Code  Gb  usbd_conf.o [5]
USBD_LL_CloseEP          0x800'1267   0x1a  Code  Gb  usbd_conf.o [5]
USBD_LL_DataInStage      0x800'2543  0x104  Code  Gb  usbd_core.o [9]
USBD_LL_DataOutStage     0x800'249d   0xa6  Code  Gb  usbd_core.o [9]
USBD_LL_GetRxDataSize    0x800'133b    0xe  Code  Gb  usbd_conf.o [5]
USBD_LL_Init             0x800'11ab   0x80  Code  Gb  usbd_conf.o [5]
USBD_LL_IsStallEP        0x800'12b5   0x34  Code  Gb  usbd_conf.o [5]
USBD_LL_OpenEP           0x800'1243   0x24  Code  Gb  usbd_conf.o [5]
USBD_LL_PrepareReceive   0x800'131f   0x1c  Code  Gb  usbd_conf.o [5]
USBD_LL_Reset            0x800'2647   0x60  Code  Gb  usbd_core.o [9]
USBD_LL_Resume           0x800'26bf   0x14  Code  Gb  usbd_core.o [9]
USBD_LL_SOF              0x800'26d3   0x20  Code  Gb  usbd_core.o [9]
USBD_LL_SetSpeed         0x800'26a7    0x6  Code  Gb  usbd_core.o [9]
USBD_LL_SetUSBAddress    0x800'12e9   0x1a  Code  Gb  usbd_conf.o [5]
USBD_LL_SetupStage       0x800'2439   0x64  Code  Gb  usbd_core.o [9]
USBD_LL_StallEP          0x800'1281   0x1a  Code  Gb  usbd_conf.o [5]
USBD_LL_Start            0x800'122b   0x18  Code  Gb  usbd_conf.o [5]
USBD_LL_Suspend          0x800'26ad   0x12  Code  Gb  usbd_core.o [9]
USBD_LL_Transmit         0x800'1303   0x1c  Code  Gb  usbd_conf.o [5]
USBD_LangIDDesc         0x2000'015c    0x4  Data  Gb  usbd_desc.o [4]
USBD_ParseSetupRequest   0x800'2f15   0x28  Code  Gb  usbd_ctlreq.o [9]
USBD_RegisterClass       0x800'23e5   0x14  Code  Gb  usbd_core.o [9]
USBD_RunTestMode         0x800'2403    0x4  Code  Gb  usbd_core.o [9]
USBD_SetAddress          0x800'2d2f   0x5e  Code  Lc  usbd_ctlreq.o [9]
USBD_SetClassConfig      0x800'2407   0x22  Code  Gb  usbd_core.o [9]
USBD_SetConfig           0x800'2d8d   0xce  Code  Lc  usbd_ctlreq.o [9]
USBD_SetConfig::cfgidx  0x2000'33fe    0x1  Data  Lc  usbd_ctlreq.o [9]
USBD_SetFeature          0x800'2edd   0x14  Code  Lc  usbd_ctlreq.o [9]
USBD_Start               0x800'23f9    0xa  Code  Gb  usbd_core.o [9]
USBD_StdDevReq           0x800'27fd   0x7a  Code  Gb  usbd_ctlreq.o [9]
USBD_StdEPReq            0x800'28e3  0x24c  Code  Gb  usbd_ctlreq.o [9]
USBD_StdItfReq           0x800'2877   0x6c  Code  Gb  usbd_ctlreq.o [9]
USBD_StrDesc            0x2000'2e34  0x200  Data  Gb  usbd_desc.o [4]
USBD_StringSerial       0x2000'0160   0x1c  Data  Gb  usbd_desc.o [4]
USBD_static_free         0x800'1365    0x2  Code  Gb  usbd_conf.o [5]
USBD_static_malloc       0x800'1349    0x4  Code  Gb  usbd_conf.o [5]
USBD_static_malloc::mem
                        0x2000'2a14  0x220  Data  Lc  usbd_conf.o [5]
USBTask                  0x800'81c1   0x86  Code  Gb  USBrxtx.o [3]
USB_ActivateEndpoint     0x800'13e5  0x32e  Code  Gb  stm32f1xx_ll_usb.o [7]
USB_CDC_RxHandler        0x800'8247    0x8  Code  Gb  USBrxtx.o [3]
USB_CoreInit             0x800'1393    0x8  Code  Gb  stm32f1xx_ll_usb.o [7]
USB_DeactivateEndpoint   0x800'1713  0x1b8  Code  Gb  stm32f1xx_ll_usb.o [7]
USB_DevConnect           0x800'2169    0x4  Code  Gb  stm32f1xx_ll_usb.o [7]
USB_DevDisconnect        0x800'216d    0x4  Code  Gb  stm32f1xx_ll_usb.o [7]
USB_DevInit              0x800'13c5   0x20  Code  Gb  stm32f1xx_ll_usb.o [7]
USB_DisableGlobalInt     0x800'13ad   0x14  Code  Gb  stm32f1xx_ll_usb.o [7]
USB_EP0_OutStart         0x800'2177    0x4  Code  Gb  stm32f1xx_ll_usb.o [7]
USB_EPClearStall         0x800'20b9   0xa0  Code  Gb  stm32f1xx_ll_usb.o [7]
USB_EPSetStall           0x800'2071   0x48  Code  Gb  stm32f1xx_ll_usb.o [7]
USB_EPStartXfer          0x800'18cb  0x7a6  Code  Gb  stm32f1xx_ll_usb.o [7]
USB_EnableGlobalInt      0x800'139b   0x12  Code  Gb  stm32f1xx_ll_usb.o [7]
USB_LP_CAN1_RX0_IRQHandler
                         0x800'860b    0xa  Code  Gb  stm32f1xx_it.o [2]
USB_ReadInterrupts       0x800'2171    0x6  Code  Gb  stm32f1xx_ll_usb.o [7]
USB_ReadPMA              0x800'21ab   0x36  Code  Gb  stm32f1xx_ll_usb.o [7]
USB_SetCurrentMode       0x800'13c1    0x4  Code  Gb  stm32f1xx_ll_usb.o [7]
USB_SetDevAddress        0x800'2159   0x10  Code  Gb  stm32f1xx_ll_usb.o [7]
USB_WritePMA             0x800'217b   0x30  Code  Gb  stm32f1xx_ll_usb.o [7]
UsageFault_Handler       0x800'85e9    0x2  Code  Gb  stm32f1xx_it.o [2]
UserRxBufferFS          0x2000'1a38  0x3e8  Data  Gb  usbd_cdc_if.o [4]
UserTxBufferFS          0x2000'1e20  0x3e8  Data  Gb  usbd_cdc_if.o [4]
_LitobFullNoMb           0x800'7391  0x10c  Code  Lc  xprintffull_nomb.o [10]
_Locale_lconv           0x2000'017c   0x38  Data  Lc  xlocale_c.o [10]
_PrintfFullNoMb          0x800'665d  0xd04  Code  Gb  xprintffull_nomb.o [10]
_PutcharFullNoMb         0x800'74f5   0x20  Code  Lc  xprintffull_nomb.o [10]
_PutcharsFullNoMb        0x800'7515   0x2e  Code  Lc  xprintffull_nomb.o [10]
_SProut                  0x800'10cb    0xa  Code  Gb  xsprout.o [10]
__NVIC_EnableIRQ         0x800'22ad   0x1c  Code  Lc  stm32f1xx_hal_cortex.o [7]
__NVIC_GetPriorityGrouping
                         0x800'22a3    0xa  Code  Lc  stm32f1xx_hal_cortex.o [7]
__NVIC_SetPriority       0x800'22c9   0x24  Code  Lc  stm32f1xx_hal_cortex.o [7]
__NVIC_SetPriorityGrouping
                         0x800'2289   0x1a  Code  Lc  stm32f1xx_hal_cortex.o [7]
__aeabi_cdcmple          0x800'76e5         Code  Gb  DblCmpLe.o [11]
__aeabi_cdrcmple         0x800'7719         Code  Gb  DblCmpGe.o [11]
__aeabi_d2iz             0x800'7889         Code  Gb  DblToS32.o [11]
__aeabi_d2uiz            0x800'7d7d         Code  Gb  DblToU32.o [11]
__aeabi_ddiv             0x800'7b35         Code  Gb  DblDiv.o [11]
__aeabi_dmul             0x800'7dbd         Code  Gb  DblMul.o [11]
__aeabi_dsub             0x800'7a51         Code  Gb  DblAddSub.o [11]
__aeabi_i2d              0x800'78c1         Code  Gb  S32ToDbl.o [11]
__aeabi_ldiv0            0x800'81a9         Code  Gb  I64DivZer.o [12]
__aeabi_memcpy           0x800'21e1         Code  Gb  ABImemcpy.o [12]
__aeabi_memcpy4          0x800'2201         Code  Gb  ABImemcpy.o [12]
__aeabi_memcpy8          0x800'2201         Code  Gb  ABImemcpy.o [12]
__aeabi_memset           0x800'35c5         Code  Gb  ABImemset.o [12]
__aeabi_ui2d             0x800'7da1         Code  Gb  U32ToDbl.o [11]
__aeabi_uldivmod         0x800'7f71         Code  Gb  I64DivMod.o [12]
__cmain                  0x800'871d         Code  Gb  cmain.o [12]
__exit                   0x800'81ad   0x14  Code  Gb  exit.o [13]
__iar_Fail_s             0x800'75a5   0x1c  Code  Gb  xfail_s.o [10]
__iar_Memchr             0x800'761d         Code  Gb  memchr.o [12]
__iar_Memset             0x800'35c5         Code  Gb  ABImemset.o [12]
__iar_Memset_word        0x800'35cd         Code  Gb  ABImemset.o [12]
__iar_Strchr             0x800'758d         Code  Gb  strchr.o [12]
__iar_data_init3         0x800'866d   0x28  Code  Gb  data_init.o [12]
__iar_frexp              0x800'7681         Code  Gb  frexp.o [11]
__iar_frexp64            0x800'7675         Code  Gb  frexp.o [11]
__iar_frexpl             0x800'7681         Code  Gb  frexp.o [11]
__iar_ldexp64            0x800'774d         Code  Gb  ldexp.o [11]
__iar_lz77_init_single3
                         0x800'8567   0x78  Code  Gb  lz77_init_single.o [12]
__iar_program_start      0x800'8751         Code  Gb  cstartup_M.o [12]
__iar_scalbln64          0x800'774d         Code  Gb  ldexp.o [11]
__iar_scalbn64           0x800'774d         Code  Gb  ldexp.o [11]
__iar_zero_init3         0x800'8635   0x38  Code  Gb  zero_init3.o [12]
__low_level_init         0x800'873b    0x4  Code  Gb  low_level_init.o [10]
__vector_table           0x800'0000         Data  Gb  startup_stm32f103xb.o [1]
_call_main               0x800'8729         Code  Gb  cmain.o [12]
_exit                    0x800'8745         Code  Gb  cexit.o [12]
abort                    0x800'81a1    0x6  Code  Gb  abort.o [10]
buffer                  0x2000'27bc  0x258  Data  Gb  USBrxtx.o [3]
checkEndpoints           0x800'8277   0x78  Code  Gb  USBrxtx.o [3]
defaultTaskHandle       0x2000'3388    0x4  Data  Gb  freertos.o [2]
defaultTask_attributes   0x800'8694   0x24  Data  Gb  freertos.o [2]
exit                     0x800'873f    0x4  Code  Gb  exit.o [10]
frexp                    0x800'7675         Code  Gb  frexp.o [11]
frexpl                   0x800'7675         Code  Gb  frexp.o [11]
getLivedata              0x800'824f   0x20  Code  Gb  USBrxtx.o [3]
hUsbDeviceFS            0x2000'24f8  0x2c4  Data  Gb  usb_device.o [4]
hdma_tim3_ch4_up        0x2000'326c   0x44  Data  Gb  tim.o [2]
hpcd_USB_FS             0x2000'2208  0x2f0  Data  Gb  usbd_conf.o [5]
htim3                   0x2000'31dc   0x48  Data  Gb  tim.o [2]
htim4                   0x2000'3224   0x48  Data  Gb  tim.o [2]
initialized             0x2000'33fd    0x1  Data  Gb  settings.o [2]
ldexp                    0x800'774d         Code  Gb  ldexp.o [11]
ldexpl                   0x800'774d         Code  Gb  ldexp.o [11]
localeconv               0x800'7f69    0x4  Code  Gb  xlocale_c.o [10]
main                     0x800'26f3   0x2c  Code  Gb  main.o [2]
memchr                   0x800'761d         Code  Gb  memchr.o [12]
memset                   0x800'3d9d   0x14  Code  Gb  memset.o [12]
osDelay                  0x800'350b   0x38  Code  Gb  cmsis_os2.o [8]
osKernelInitialize       0x800'33a9   0x3c  Code  Gb  cmsis_os2.o [8]
osKernelStart            0x800'33e5   0x42  Code  Gb  cmsis_os2.o [8]
osThreadNew              0x800'3427   0xe4  Code  Gb  cmsis_os2.o [8]
pcInterruptPriorityRegisters
                         0x800'880c    0x4  Data  Lc  port.o [8]
prvAddCurrentTaskToDelayedList
                         0x800'50f1   0x5a  Code  Lc  tasks.o [8]
prvAddNewTaskToReadyList
                         0x800'4977   0x9e  Code  Lc  tasks.o [8]
prvCheckForValidListAndQueue
                         0x800'5a6d   0x4c  Code  Lc  timers.o [8]
prvCheckForValidListAndQueue{1}{2}{3}{4}::ucStaticTimerQueueStorage
                        0x2000'3034   0xa0  Data  Lc  timers.o [8]
prvCheckForValidListAndQueue{1}{2}{3}{4}::xStaticTimerQueue
                        0x2000'318c   0x50  Data  Lc  timers.o [8]
prvCheckTasksWaitingTermination
                         0x800'4f7d   0x3c  Code  Lc  tasks.o [8]
prvCopyDataFromQueue     0x800'6517   0x2a  Code  Lc  queue.o [8]
prvCopyDataToQueue       0x800'6491   0x86  Code  Lc  queue.o [8]
prvDeleteTCB             0x800'4fb9   0x42  Code  Lc  tasks.o [8]
prvGetNextExpireTime     0x800'586b   0x28  Code  Lc  timers.o [8]
prvHeapInit              0x800'5377   0x5e  Code  Lc  heap_4.o [8]
prvIdleTask              0x800'4ef5   0x22  Code  Lc  tasks.o [8]
prvInitialiseNewQueue    0x800'6099   0x22  Code  Lc  queue.o [8]
prvInitialiseNewTask     0x800'48c1   0xb6  Code  Lc  tasks.o [8]
prvInitialiseTaskLists   0x800'4f1d   0x52  Code  Lc  tasks.o [8]
prvInsertBlockIntoFreeList
                         0x800'53d5   0x5e  Code  Lc  heap_4.o [8]
prvInsertTimerInActiveList
                         0x800'58b9   0x3e  Code  Lc  timers.o [8]
prvIsQueueEmpty          0x800'65af   0x1c  Code  Lc  queue.o [8]
prvIsQueueFull           0x800'65cb   0x1e  Code  Lc  queue.o [8]
prvProcessExpiredTimer   0x800'5783   0x5a  Code  Lc  timers.o [8]
prvProcessReceivedCommands
                         0x800'58f7  0x104  Code  Lc  timers.o [8]
prvProcessTimerOrBlockTask
                         0x800'57f5   0x76  Code  Lc  timers.o [8]
prvResetNextTaskUnblockTime
                         0x800'4ffb   0x24  Code  Lc  tasks.o [8]
prvSampleTimeNow         0x800'5893   0x26  Code  Lc  timers.o [8]
prvSampleTimeNow::xLastTime
                        0x2000'33f4    0x4  Data  Lc  timers.o [8]
prvSwitchTimerLists      0x800'59fb   0x72  Code  Lc  timers.o [8]
prvTaskExitError         0x800'5509   0x2a  Code  Lc  port.o [8]
prvTimerTask             0x800'57e1   0x14  Code  Lc  timers.o [8]
prvUnlockQueue           0x800'6541   0x6e  Code  Lc  queue.o [8]
pvPortMalloc             0x800'51f1  0x114  Code  Gb  heap_4.o [8]
pxCurrentTCB            0x2000'33a8    0x4  Data  Gb  tasks.o [8]
pxCurrentTimerList      0x2000'33e4    0x4  Data  Lc  timers.o [8]
pxDelayedTaskList       0x2000'33ac    0x4  Data  Lc  tasks.o [8]
pxEnd                   0x2000'3390    0x4  Data  Lc  heap_4.o [8]
pxOverflowDelayedTaskList
                        0x2000'33b0    0x4  Data  Lc  tasks.o [8]
pxOverflowTimerList     0x2000'33e8    0x4  Data  Lc  timers.o [8]
pxPortInitialiseStack    0x800'54e9   0x20  Code  Gb  port.o [8]
pxReadyTasksLists       0x2000'0db8  0x460  Data  Lc  tasks.o [8]
scalbln                  0x800'774d         Code  Gb  ldexp.o [11]
scalblnl                 0x800'774d         Code  Gb  ldexp.o [11]
scalbn                   0x800'774d         Code  Gb  ldexp.o [11]
scalbnl                  0x800'774d         Code  Gb  ldexp.o [11]
scale                    0x800'749d   0x46  Code  Lc  xprintffull_nomb.o [10]
sec_hand                0x2000'33f8    0x4  Data  Lc  xfail_s.o [10]
setLivedata              0x800'826f    0x8  Code  Gb  USBrxtx.o [3]
settings                0x2000'1218  0x420  Data  Gb  settings.o [2]
sprintf                  0x800'8331   0x40  Code  Gb  sprintf.o [10]
strchr                   0x800'758d         Code  Gb  strchr.o [12]
strlen                   0x800'75e5         Code  Gb  strlen.o [12]
subscribed              0x2000'33ff    0x1  Data  Gb  USBrxtx.o [3]
ucHeap                  0x2000'01b8  0xc00  Data  Lc  heap_4.o [8]
ucMaxSysCallPriority    0x2000'33fc    0x1  Data  Lc  port.o [8]
ulMaxPRIGROUPValue      0x2000'33a0    0x4  Data  Lc  port.o [8]
uwTick                  0x2000'33a4    0x4  Data  Gb  stm32f1xx_hal.o [7]
uwTickFreq              0x2000'01b4    0x1  Data  Gb  stm32f1xx_hal.o [7]
uwTickPrio              0x2000'0004    0x4  Data  Gb  stm32f1xx_hal.o [7]
uxCriticalNesting       0x2000'0000    0x4  Data  Lc  port.o [8]
uxCurrentNumberOfTasks  0x2000'33b8    0x4  Data  Lc  tasks.o [8]
uxDeletedTasksWaitingCleanUp
                        0x2000'33b4    0x4  Data  Lc  tasks.o [8]
uxListRemove             0x800'54c3   0x26  Code  Gb  list.o [8]
uxPendedTicks           0x2000'33c8    0x4  Data  Lc  tasks.o [8]
uxSchedulerSuspended    0x2000'33e0    0x4  Data  Lc  tasks.o [8]
uxTaskNumber            0x2000'33d4    0x4  Data  Lc  tasks.o [8]
uxTopReadyPriority      0x2000'33c0    0x4  Data  Lc  tasks.o [8]
vApplicationGetIdleTaskMemory
                         0x800'354d    0xe  Code  Gb  cmsis_os2.o [8]
vApplicationGetTimerTaskMemory
                         0x800'355b   0x10  Code  Gb  cmsis_os2.o [8]
vListInitialise          0x800'5451   0x1e  Code  Gb  list.o [8]
vListInitialiseItem      0x800'546f    0x6  Code  Gb  list.o [8]
vListInsert              0x800'548d   0x36  Code  Gb  list.o [8]
vListInsertEnd           0x800'5475   0x18  Code  Gb  list.o [8]
vPortEnterCritical       0x800'55c1   0x34  Code  Gb  port.o [8]
vPortExitCritical        0x800'55f5   0x2c  Code  Gb  port.o [8]
vPortFree                0x800'5305   0x72  Code  Gb  heap_4.o [8]
vPortStartFirstTask      0x800'5f3f         Code  Gb  portasm.o [8]
vPortValidateInterruptPriority
                         0x800'5649   0x4a  Code  Gb  port.o [8]
vQueueAddToRegistry      0x800'65e9   0x24  Code  Gb  queue.o [8]
vQueueWaitForMessageRestricted
                         0x800'6611   0x4a  Code  Gb  queue.o [8]
vTaskDelay               0x800'4a15   0x4c  Code  Gb  tasks.o [8]
vTaskInternalSetTimeOutState
                         0x800'4e4d   0x12  Code  Gb  tasks.o [8]
vTaskMissedYield         0x800'4ee9    0xa  Code  Gb  tasks.o [8]
vTaskPlaceOnEventList    0x800'4d53   0x2e  Code  Gb  tasks.o [8]
vTaskPlaceOnEventListRestricted
                         0x800'4d81   0x38  Code  Gb  tasks.o [8]
vTaskStartScheduler      0x800'4a61   0x96  Code  Gb  tasks.o [8]
vTaskSuspendAll          0x800'4af7    0xc  Code  Gb  tasks.o [8]
vTaskSwitchContext       0x800'4ce1   0x72  Code  Gb  tasks.o [8]
xActiveTimerList1       0x2000'3354   0x14  Data  Lc  timers.o [8]
xActiveTimerList2       0x2000'3368   0x14  Data  Lc  timers.o [8]
xBlockAllocatedBit      0x2000'339c    0x4  Data  Lc  heap_4.o [8]
xDelayedTaskList1       0x2000'32f0   0x14  Data  Lc  tasks.o [8]
xDelayedTaskList2       0x2000'3304   0x14  Data  Lc  tasks.o [8]
xFreeBytesRemaining     0x2000'3394    0x4  Data  Lc  heap_4.o [8]
xHeapStructSize          0x800'8808    0x4  Data  Lc  heap_4.o [8]
xIdleTaskHandle         0x2000'33dc    0x4  Data  Lc  tasks.o [8]
xMinimumEverFreeBytesRemaining
                        0x2000'3398    0x4  Data  Lc  heap_4.o [8]
xNextTaskUnblockTime    0x2000'33d8    0x4  Data  Lc  tasks.o [8]
xNumOfOverflows         0x2000'33d0    0x4  Data  Lc  tasks.o [8]
xPendingReadyList       0x2000'3318   0x14  Data  Lc  tasks.o [8]
xPortStartScheduler      0x800'5533   0x8e  Code  Gb  port.o [8]
xPortSysTickHandler      0x800'5621   0x28  Code  Gb  port.o [8]
xQueueGenericCreateStatic
                         0x800'5ff3   0xa6  Code  Gb  queue.o [8]
xQueueGenericReset       0x800'5f61   0x92  Code  Gb  queue.o [8]
xQueueGenericSend        0x800'60bb  0x196  Code  Gb  queue.o [8]
xQueueGenericSendFromISR
                         0x800'6251   0xde  Code  Gb  queue.o [8]
xQueueReceive            0x800'632f  0x15c  Code  Gb  queue.o [8]
xQueueRegistry          0x2000'32b0   0x40  Data  Gb  queue.o [8]
xSchedulerRunning       0x2000'33c4    0x4  Data  Lc  tasks.o [8]
xStart                  0x2000'337c    0x8  Data  Lc  heap_4.o [8]
xSuspendedTaskList      0x2000'3340   0x14  Data  Lc  tasks.o [8]
xTaskCheckForTimeOut     0x800'4e65   0x80  Code  Gb  tasks.o [8]
xTaskCreate              0x800'484f   0x72  Code  Gb  tasks.o [8]
xTaskCreateStatic        0x800'47cd   0x82  Code  Gb  tasks.o [8]
xTaskGetSchedulerState   0x800'501f   0x20  Code  Gb  tasks.o [8]
xTaskGetTickCount        0x800'4be7    0x8  Code  Gb  tasks.o [8]
xTaskIncrementTick       0x800'4bef   0xf2  Code  Gb  tasks.o [8]
xTaskPriorityDisinherit
                         0x800'5045   0x8a  Code  Gb  tasks.o [8]
xTaskRemoveFromEventList
                         0x800'4dc9   0x7c  Code  Gb  tasks.o [8]
xTaskResumeAll           0x800'4b03   0xe4  Code  Gb  tasks.o [8]
xTasksWaitingTermination
                        0x2000'332c   0x14  Data  Lc  tasks.o [8]
xTickCount              0x2000'33bc    0x4  Data  Lc  tasks.o [8]
xTimerCreateTimerTask    0x800'56b5   0x6a  Code  Gb  timers.o [8]
xTimerGenericCommand     0x800'571f   0x64  Code  Gb  timers.o [8]
xTimerQueue             0x2000'33ec    0x4  Data  Lc  timers.o [8]
xTimerTaskHandle        0x2000'33f0    0x4  Data  Lc  timers.o [8]
xYieldPending           0x2000'33cc    0x4  Data  Lc  tasks.o [8]


[1] = E:\Sources\GitHub projects\ADC-Stand\stand\MainController\MainController\EWARM\MainController\Obj\Application\EWARM
[2] = E:\Sources\GitHub projects\ADC-Stand\stand\MainController\MainController\EWARM\MainController\Obj\Application\User\Core
[3] = E:\Sources\GitHub projects\ADC-Stand\stand\MainController\MainController\EWARM\MainController\Obj\Application\User\Core\tasks
[4] = E:\Sources\GitHub projects\ADC-Stand\stand\MainController\MainController\EWARM\MainController\Obj\Application\User\USB_DEVICE\App
[5] = E:\Sources\GitHub projects\ADC-Stand\stand\MainController\MainController\EWARM\MainController\Obj\Application\User\USB_DEVICE\Target
[6] = E:\Sources\GitHub projects\ADC-Stand\stand\MainController\MainController\EWARM\MainController\Obj\Drivers\CMSIS
[7] = E:\Sources\GitHub projects\ADC-Stand\stand\MainController\MainController\EWARM\MainController\Obj\Drivers\STM32F1xx_HAL_Driver
[8] = E:\Sources\GitHub projects\ADC-Stand\stand\MainController\MainController\EWARM\MainController\Obj\Middlewares\FreeRTOS
[9] = E:\Sources\GitHub projects\ADC-Stand\stand\MainController\MainController\EWARM\MainController\Obj\Middlewares\USB_Device_Library
[10] = dl7M_tlf.a
[11] = m7M_tl.a
[12] = rt7M_tl.a
[13] = shb_l.a

  34'707 bytes of readonly  code memory
     527 bytes of readonly  data memory
  14'333 bytes of readwrite data memory

Errors: 1
Warnings: none
